[INFO] Scanning for projects...
[INFO] 
[INFO] -----------------------< com.finshot:remittance >-----------------------
[INFO] Building finshot-remittance 0.0.1-SNAPSHOT
[INFO]   from pom.xml
[INFO] --------------------------------[ jar ]---------------------------------
[INFO] 
[INFO] --- resources:3.3.1:resources (default-resources) @ remittance ---
[INFO] Copying 1 resource from src\main\resources to target\classes
[INFO] Copying 1 resource from src\main\resources to target\classes
[INFO] 
[INFO] --- compiler:3.14.1:compile (default-compile) @ remittance ---
[INFO] Recompiling the module because of changed source code.
[INFO] Compiling 23 source files with javac [debug parameters release 17] to target\classes
[INFO] 
[INFO] --- resources:3.3.1:testResources (default-testResources) @ remittance ---
[INFO] skip non existing resourceDirectory C:\Users\mss\Desktop\finshot-remittance\finshot-remittance\src\test\resources
[INFO] 
[INFO] --- compiler:3.14.1:testCompile (default-testCompile) @ remittance ---
[INFO] Recompiling the module because of changed dependency.
[INFO] Compiling 3 source files with javac [debug parameters release 17] to target\test-classes
[INFO] /C:/Users/mss/Desktop/finshot-remittance/finshot-remittance/src/test/java/com/finshot/remittance/TransferScenariosTest.java: C:\Users\mss\Desktop\finshot-remittance\finshot-remittance\src\test\java\com\finshot\remittance\TransferScenariosTest.java uses or overrides a deprecated API.
[INFO] /C:/Users/mss/Desktop/finshot-remittance/finshot-remittance/src/test/java/com/finshot/remittance/TransferScenariosTest.java: Recompile with -Xlint:deprecation for details.
[INFO] 
[INFO] --- surefire:3.5.6:test (default-test) @ remittance ---
[INFO] Using auto detected provider org.apache.maven.surefire.junitplatform.JUnitPlatformProvider
[INFO] 
[INFO] -------------------------------------------------------
[INFO]  T E S T S
[INFO] -------------------------------------------------------
[INFO] Running com.finshot.remittance.FinshotRemittanceApplicationTests
15:44:56.686 [main] INFO org.springframework.test.context.support.AnnotationConfigContextLoaderUtils -- Could not detect default configuration classes for test class [com.finshot.remittance.FinshotRemittanceApplicationTests]: FinshotRemittanceApplicationTests does not declare any static, non-private, non-final, nested classes annotated with @Configuration.
15:44:56.771 [main] INFO org.springframework.boot.test.context.SpringBootTestContextBootstrapper -- Found @SpringBootConfiguration com.finshot.remittance.FinshotRemittanceApplication for test class com.finshot.remittance.FinshotRemittanceApplicationTests
15:44:56.839 [main] INFO org.springframework.test.context.support.AnnotationConfigContextLoaderUtils -- Could not detect default configuration classes for test class [com.finshot.remittance.FinshotRemittanceApplicationTests]: FinshotRemittanceApplicationTests does not declare any static, non-private, non-final, nested classes annotated with @Configuration.
15:44:56.839 [main] INFO org.springframework.boot.test.context.SpringBootTestContextBootstrapper -- Found @SpringBootConfiguration com.finshot.remittance.FinshotRemittanceApplication for test class com.finshot.remittance.FinshotRemittanceApplicationTests

  .   ____          _            __ _ _
 /\\ / ___'_ __ _ _(_)_ __  __ _ \ \ \ \
( ( )\___ | '_ | '_| | '_ \/ _` | \ \ \ \
 \\/  ___)| |_)| | | | | || (_| |  ) ) ) )
  '  |____| .__|_| |_|_| |_\__, | / / / /
 =========|_|==============|___/=/_/_/_/

 :: Spring Boot ::                (v4.0.8)

2026-09-16T15:44:57.166+07:00  INFO 8200 --- [finshot-remittance] [           main] c.f.r.FinshotRemittanceApplicationTests  : Starting FinshotRemittanceApplicationTests using Java 17.0.20.1 with PID 8200 (started by mss in C:\Users\mss\Desktop\finshot-remittance\finshot-remittance)
2026-09-16T15:44:57.166+07:00  INFO 8200 --- [finshot-remittance] [           main] c.f.r.FinshotRemittanceApplicationTests  : No active profile set, falling back to 1 default profile: "default"
2026-09-16T15:44:57.738+07:00  INFO 8200 --- [finshot-remittance] [           main] .s.d.r.c.RepositoryConfigurationDelegate : Bootstrapping Spring Data JPA repositories in DEFAULT mode.
2026-09-16T15:44:57.794+07:00  INFO 8200 --- [finshot-remittance] [           main] .s.d.r.c.RepositoryConfigurationDelegate : Finished Spring Data repository scanning in 48 ms. Found 3 JPA repository interfaces.
2026-09-16T15:44:58.114+07:00  INFO 8200 --- [finshot-remittance] [           main] com.zaxxer.hikari.HikariDataSource       : HikariPool-1 - Starting...
2026-09-16T15:44:58.379+07:00  INFO 8200 --- [finshot-remittance] [           main] com.zaxxer.hikari.pool.HikariPool        : HikariPool-1 - Added connection conn0: url=jdbc:h2:mem:finshotdb user=SA
2026-09-16T15:44:58.379+07:00  INFO 8200 --- [finshot-remittance] [           main] com.zaxxer.hikari.HikariDataSource       : HikariPool-1 - Start completed.
2026-09-16T15:44:58.498+07:00  INFO 8200 --- [finshot-remittance] [           main] org.hibernate.orm.jpa                    : HHH008540: Processing PersistenceUnitInfo [name: default]
2026-09-16T15:44:58.559+07:00  INFO 8200 --- [finshot-remittance] [           main] org.hibernate.orm.core                   : HHH000001: Hibernate ORM core version 7.2.24.Final
2026-09-16T15:44:59.058+07:00  INFO 8200 --- [finshot-remittance] [           main] o.s.o.j.p.SpringPersistenceUnitInfo      : No LoadTimeWeaver setup: ignoring JPA class transformer
2026-09-16T15:44:59.134+07:00  INFO 8200 --- [finshot-remittance] [           main] org.hibernate.orm.connections.pooling    : HHH10001005: Database info:
	Database JDBC URL [jdbc:h2:mem:finshotdb]
	Database driver: H2 JDBC Driver
	Database dialect: H2Dialect
	Database version: 2.4.240
	Default catalog/schema: FINSHOTDB/PUBLIC
	Autocommit mode: undefined/unknown
	Isolation level: READ_COMMITTED [default READ_COMMITTED]
	JDBC fetch size: 100
	Pool: DataSourceConnectionProvider
	Minimum pool size: undefined/unknown
	Maximum pool size: undefined/unknown
2026-09-16T15:44:59.845+07:00  INFO 8200 --- [finshot-remittance] [           main] org.hibernate.orm.core                   : HHH000489: No JTA platform available (set 'hibernate.transaction.jta.platform' to enable JTA platform integration)
2026-09-16T15:44:59.852+07:00  INFO 8200 --- [finshot-remittance] [           main] j.LocalContainerEntityManagerFactoryBean : Initialized JPA EntityManagerFactory for persistence unit 'default'
2026-09-16T15:44:59.919+07:00  INFO 8200 --- [finshot-remittance] [           main] o.s.d.j.r.query.QueryEnhancerFactories   : Hibernate is in classpath; If applicable, HQL parser will be used.
2026-09-16T15:45:01.016+07:00  WARN 8200 --- [finshot-remittance] [           main] JpaBaseConfiguration$JpaWebConfiguration : spring.jpa.open-in-view is enabled by default. Therefore, database queries may be performed during view rendering. Explicitly configure spring.jpa.open-in-view to disable this warning
2026-09-16T15:45:01.348+07:00  INFO 8200 --- [finshot-remittance] [           main] o.s.b.h.a.H2ConsoleAutoConfiguration     : H2 console available at '/h2-console'. Database available at 'jdbc:h2:mem:finshotdb'
2026-09-16T15:45:01.431+07:00  INFO 8200 --- [finshot-remittance] [           main] c.f.r.FinshotRemittanceApplicationTests  : Started FinshotRemittanceApplicationTests in 4.507 seconds (process running for 5.56)
[INFO] Tests run: 1, Failures: 0, Errors: 0, Skipped: 0, Time elapsed: 5.331 s -- in com.finshot.remittance.FinshotRemittanceApplicationTests
[INFO] Running com.finshot.remittance.TransferPart1Test
2026-09-16T15:45:01.814+07:00  INFO 8200 --- [finshot-remittance] [           main] t.c.s.AnnotationConfigContextLoaderUtils : Could not detect default configuration classes for test class [com.finshot.remittance.TransferPart1Test]: TransferPart1Test does not declare any static, non-private, non-final, nested classes annotated with @Configuration.
2026-09-16T15:45:01.814+07:00  INFO 8200 --- [finshot-remittance] [           main] .b.t.c.SpringBootTestContextBootstrapper : Found @SpringBootConfiguration com.finshot.remittance.FinshotRemittanceApplication for test class com.finshot.remittance.TransferPart1Test
2026-09-16T15:45:01.814+07:00  INFO 8200 --- [finshot-remittance] [           main] t.c.s.AnnotationConfigContextLoaderUtils : Could not detect default configuration classes for test class [com.finshot.remittance.TransferPart1Test]: TransferPart1Test does not declare any static, non-private, non-final, nested classes annotated with @Configuration.
2026-09-16T15:45:01.819+07:00  INFO 8200 --- [finshot-remittance] [           main] .b.t.c.SpringBootTestContextBootstrapper : Found @SpringBootConfiguration com.finshot.remittance.FinshotRemittanceApplication for test class com.finshot.remittance.TransferPart1Test
2026-09-16T15:45:01.828+07:00  INFO 8200 --- [finshot-remittance] [           main] j.LocalContainerEntityManagerFactoryBean : Closing JPA EntityManagerFactory for persistence unit 'default'
2026-09-16T15:45:01.830+07:00  INFO 8200 --- [finshot-remittance] [           main] com.zaxxer.hikari.HikariDataSource       : HikariPool-1 - Shutdown initiated...
2026-09-16T15:45:01.832+07:00  INFO 8200 --- [finshot-remittance] [           main] com.zaxxer.hikari.HikariDataSource       : HikariPool-1 - Shutdown completed.

  .   ____          _            __ _ _
 /\\ / ___'_ __ _ _(_)_ __  __ _ \ \ \ \
( ( )\___ | '_ | '_| | '_ \/ _` | \ \ \ \
 \\/  ___)| |_)| | | | | || (_| |  ) ) ) )
  '  |____| .__|_| |_|_| |_\__, | / / / /
 =========|_|==============|___/=/_/_/_/

 :: Spring Boot ::                (v4.0.8)

2026-09-16T15:45:01.854+07:00  INFO 8200 --- [finshot-remittance] [           main] c.finshot.remittance.TransferPart1Test   : Starting TransferPart1Test using Java 17.0.20.1 with PID 8200 (started by mss in C:\Users\mss\Desktop\finshot-remittance\finshot-remittance)
2026-09-16T15:45:01.854+07:00  INFO 8200 --- [finshot-remittance] [           main] c.finshot.remittance.TransferPart1Test   : No active profile set, falling back to 1 default profile: "default"
2026-09-16T15:45:01.979+07:00  INFO 8200 --- [finshot-remittance] [           main] .s.d.r.c.RepositoryConfigurationDelegate : Bootstrapping Spring Data JPA repositories in DEFAULT mode.
2026-09-16T15:45:01.991+07:00  INFO 8200 --- [finshot-remittance] [           main] .s.d.r.c.RepositoryConfigurationDelegate : Finished Spring Data repository scanning in 10 ms. Found 3 JPA repository interfaces.
2026-09-16T15:45:02.030+07:00  INFO 8200 --- [finshot-remittance] [           main] com.zaxxer.hikari.HikariDataSource       : HikariPool-2 - Starting...
2026-09-16T15:45:02.033+07:00  INFO 8200 --- [finshot-remittance] [           main] com.zaxxer.hikari.pool.HikariPool        : HikariPool-2 - Added connection conn10: url=jdbc:h2:mem:finshotdb user=SA
2026-09-16T15:45:02.033+07:00  INFO 8200 --- [finshot-remittance] [           main] com.zaxxer.hikari.HikariDataSource       : HikariPool-2 - Start completed.
2026-09-16T15:45:02.048+07:00  INFO 8200 --- [finshot-remittance] [           main] org.hibernate.orm.jpa                    : HHH008540: Processing PersistenceUnitInfo [name: default]
2026-09-16T15:45:02.082+07:00  INFO 8200 --- [finshot-remittance] [           main] o.s.o.j.p.SpringPersistenceUnitInfo      : No LoadTimeWeaver setup: ignoring JPA class transformer
2026-09-16T15:45:02.085+07:00  INFO 8200 --- [finshot-remittance] [           main] org.hibernate.orm.connections.pooling    : HHH10001005: Database info:
	Database JDBC URL [jdbc:h2:mem:finshotdb]
	Database driver: H2 JDBC Driver
	Database dialect: H2Dialect
	Database version: 2.4.240
	Default catalog/schema: FINSHOTDB/PUBLIC
	Autocommit mode: undefined/unknown
	Isolation level: READ_COMMITTED [default READ_COMMITTED]
	JDBC fetch size: 100
	Pool: DataSourceConnectionProvider
	Minimum pool size: undefined/unknown
	Maximum pool size: undefined/unknown
2026-09-16T15:45:02.116+07:00  INFO 8200 --- [finshot-remittance] [           main] org.hibernate.orm.core                   : HHH000489: No JTA platform available (set 'hibernate.transaction.jta.platform' to enable JTA platform integration)
2026-09-16T15:45:02.117+07:00  INFO 8200 --- [finshot-remittance] [           main] j.LocalContainerEntityManagerFactoryBean : Initialized JPA EntityManagerFactory for persistence unit 'default'
2026-09-16T15:45:02.171+07:00  WARN 8200 --- [finshot-remittance] [           main] JpaBaseConfiguration$JpaWebConfiguration : spring.jpa.open-in-view is enabled by default. Therefore, database queries may be performed during view rendering. Explicitly configure spring.jpa.open-in-view to disable this warning
2026-09-16T15:45:02.225+07:00  INFO 8200 --- [finshot-remittance] [           main] o.s.b.h.a.H2ConsoleAutoConfiguration     : H2 console available at '/h2-console'. Database available at 'jdbc:h2:mem:finshotdb'
2026-09-16T15:45:02.237+07:00  INFO 8200 --- [finshot-remittance] [           main] c.finshot.remittance.TransferPart1Test   : Started TransferPart1Test in 0.401 seconds (process running for 6.367)
2026-09-16T15:45:02.239+07:00  INFO 8200 --- [finshot-remittance] [           main] o.s.b.t.m.w.SpringBootMockServletContext : Initializing Spring TestDispatcherServlet ''
2026-09-16T15:45:02.239+07:00  INFO 8200 --- [finshot-remittance] [           main] o.s.t.web.servlet.TestDispatcherServlet  : Initializing Servlet ''
2026-09-16T15:45:02.250+07:00  INFO 8200 --- [finshot-remittance] [           main] o.s.t.web.servlet.TestDispatcherServlet  : Completed initialization in 0 ms
2026-09-16T15:45:02.454+07:00  INFO 8200 --- [finshot-remittance] [           main] j.LocalContainerEntityManagerFactoryBean : Closing JPA EntityManagerFactory for persistence unit 'default'
2026-09-16T15:45:02.454+07:00  INFO 8200 --- [finshot-remittance] [           main] com.zaxxer.hikari.HikariDataSource       : HikariPool-2 - Shutdown initiated...
2026-09-16T15:45:02.467+07:00  INFO 8200 --- [finshot-remittance] [           main] com.zaxxer.hikari.HikariDataSource       : HikariPool-2 - Shutdown completed.

  .   ____          _            __ _ _
 /\\ / ___'_ __ _ _(_)_ __  __ _ \ \ \ \
( ( )\___ | '_ | '_| | '_ \/ _` | \ \ \ \
 \\/  ___)| |_)| | | | | || (_| |  ) ) ) )
  '  |____| .__|_| |_|_| |_\__, | / / / /
 =========|_|==============|___/=/_/_/_/

 :: Spring Boot ::                (v4.0.8)

2026-09-16T15:45:02.486+07:00  INFO 8200 --- [finshot-remittance] [           main] c.finshot.remittance.TransferPart1Test   : Starting TransferPart1Test using Java 17.0.20.1 with PID 8200 (started by mss in C:\Users\mss\Desktop\finshot-remittance\finshot-remittance)
2026-09-16T15:45:02.486+07:00  INFO 8200 --- [finshot-remittance] [           main] c.finshot.remittance.TransferPart1Test   : No active profile set, falling back to 1 default profile: "default"
2026-09-16T15:45:02.574+07:00  INFO 8200 --- [finshot-remittance] [           main] .s.d.r.c.RepositoryConfigurationDelegate : Bootstrapping Spring Data JPA repositories in DEFAULT mode.
2026-09-16T15:45:02.590+07:00  INFO 8200 --- [finshot-remittance] [           main] .s.d.r.c.RepositoryConfigurationDelegate : Finished Spring Data repository scanning in 9 ms. Found 3 JPA repository interfaces.
2026-09-16T15:45:02.624+07:00  INFO 8200 --- [finshot-remittance] [           main] com.zaxxer.hikari.HikariDataSource       : HikariPool-3 - Starting...
2026-09-16T15:45:02.624+07:00  INFO 8200 --- [finshot-remittance] [           main] com.zaxxer.hikari.pool.HikariPool        : HikariPool-3 - Added connection conn20: url=jdbc:h2:mem:finshotdb user=SA
2026-09-16T15:45:02.624+07:00  INFO 8200 --- [finshot-remittance] [           main] com.zaxxer.hikari.HikariDataSource       : HikariPool-3 - Start completed.
2026-09-16T15:45:02.637+07:00  INFO 8200 --- [finshot-remittance] [           main] org.hibernate.orm.jpa                    : HHH008540: Processing PersistenceUnitInfo [name: default]
2026-09-16T15:45:02.652+07:00  INFO 8200 --- [finshot-remittance] [           main] o.s.o.j.p.SpringPersistenceUnitInfo      : No LoadTimeWeaver setup: ignoring JPA class transformer
2026-09-16T15:45:02.654+07:00  INFO 8200 --- [finshot-remittance] [           main] org.hibernate.orm.connections.pooling    : HHH10001005: Database info:
	Database JDBC URL [jdbc:h2:mem:finshotdb]
	Database driver: H2 JDBC Driver
	Database dialect: H2Dialect
	Database version: 2.4.240
	Default catalog/schema: FINSHOTDB/PUBLIC
	Autocommit mode: undefined/unknown
	Isolation level: READ_COMMITTED [default READ_COMMITTED]
	JDBC fetch size: 100
	Pool: DataSourceConnectionProvider
	Minimum pool size: undefined/unknown
	Maximum pool size: undefined/unknown
2026-09-16T15:45:02.686+07:00  INFO 8200 --- [finshot-remittance] [           main] org.hibernate.orm.core                   : HHH000489: No JTA platform available (set 'hibernate.transaction.jta.platform' to enable JTA platform integration)
2026-09-16T15:45:02.686+07:00  INFO 8200 --- [finshot-remittance] [           main] j.LocalContainerEntityManagerFactoryBean : Initialized JPA EntityManagerFactory for persistence unit 'default'
2026-09-16T15:45:02.733+07:00  WARN 8200 --- [finshot-remittance] [           main] JpaBaseConfiguration$JpaWebConfiguration : spring.jpa.open-in-view is enabled by default. Therefore, database queries may be performed during view rendering. Explicitly configure spring.jpa.open-in-view to disable this warning
2026-09-16T15:45:02.787+07:00  INFO 8200 --- [finshot-remittance] [           main] o.s.b.h.a.H2ConsoleAutoConfiguration     : H2 console available at '/h2-console'. Database available at 'jdbc:h2:mem:finshotdb'
2026-09-16T15:45:02.802+07:00  INFO 8200 --- [finshot-remittance] [           main] c.finshot.remittance.TransferPart1Test   : Started TransferPart1Test in 0.335 seconds (process running for 6.931)
2026-09-16T15:45:02.802+07:00  INFO 8200 --- [finshot-remittance] [           main] o.s.b.t.m.w.SpringBootMockServletContext : Initializing Spring TestDispatcherServlet ''
2026-09-16T15:45:02.802+07:00  INFO 8200 --- [finshot-remittance] [           main] o.s.t.web.servlet.TestDispatcherServlet  : Initializing Servlet ''
2026-09-16T15:45:02.802+07:00  INFO 8200 --- [finshot-remittance] [           main] o.s.t.web.servlet.TestDispatcherServlet  : Completed initialization in 0 ms
2026-09-16T15:45:02.989+07:00  INFO 8200 --- [finshot-remittance] [           main] c.f.remittance.service.TransferService   : Transfer created: id=c458105f-28d9-4eea-b778-a719c43f16d6, customerId=C002, amount=10000
2026-09-16T15:45:04.009+07:00  INFO 8200 --- [finshot-remittance] [         task-1] c.f.remittance.partner.PartnerService    : Transfer c458105f-28d9-4eea-b778-a719c43f16d6 transitioned to SENDING
2026-09-16T15:45:04.214+07:00  INFO 8200 --- [finshot-remittance] [         task-1] c.f.remittance.partner.PartnerClient     : PartnerClient dispatch: partnerRef=REF-17895483029709, success=false
2026-09-16T15:45:04.214+07:00  WARN 8200 --- [finshot-remittance] [         task-1] c.f.remittance.partner.PartnerService    : [Partner Attempt 1/3] partnerRef: REF-17895483029709 - FAILED (Rejected)
2026-09-16T15:45:04.523+07:00  INFO 8200 --- [finshot-remittance] [         task-1] c.f.remittance.partner.PartnerClient     : PartnerClient dispatch: partnerRef=REF-17895483029709, success=false
2026-09-16T15:45:04.523+07:00  WARN 8200 --- [finshot-remittance] [         task-1] c.f.remittance.partner.PartnerService    : [Partner Attempt 2/3] partnerRef: REF-17895483029709 - FAILED (Rejected)
2026-09-16T15:45:04.946+07:00  INFO 8200 --- [finshot-remittance] [         task-1] c.f.remittance.partner.PartnerClient     : PartnerClient dispatch: partnerRef=REF-17895483029709, success=false
2026-09-16T15:45:04.946+07:00  WARN 8200 --- [finshot-remittance] [         task-1] c.f.remittance.partner.PartnerService    : [Partner Attempt 3/3] partnerRef: REF-17895483029709 - FAILED (Rejected)
2026-09-16T15:45:04.946+07:00  WARN 8200 --- [finshot-remittance] [         task-1] c.f.remittance.partner.PartnerService    : All 3 attempts failed. Transfer c458105f-28d9-4eea-b778-a719c43f16d6 transitioned to FAILED.
2026-09-16T15:45:04.946+07:00  INFO 8200 --- [finshot-remittance] [           main] j.LocalContainerEntityManagerFactoryBean : Closing JPA EntityManagerFactory for persistence unit 'default'
2026-09-16T15:45:04.946+07:00  INFO 8200 --- [finshot-remittance] [           main] com.zaxxer.hikari.HikariDataSource       : HikariPool-3 - Shutdown initiated...
2026-09-16T15:45:04.946+07:00  INFO 8200 --- [finshot-remittance] [           main] com.zaxxer.hikari.HikariDataSource       : HikariPool-3 - Shutdown completed.

  .   ____          _            __ _ _
 /\\ / ___'_ __ _ _(_)_ __  __ _ \ \ \ \
( ( )\___ | '_ | '_| | '_ \/ _` | \ \ \ \
 \\/  ___)| |_)| | | | | || (_| |  ) ) ) )
  '  |____| .__|_| |_|_| |_\__, | / / / /
 =========|_|==============|___/=/_/_/_/

 :: Spring Boot ::                (v4.0.8)

2026-09-16T15:45:04.967+07:00  INFO 8200 --- [finshot-remittance] [           main] c.finshot.remittance.TransferPart1Test   : Starting TransferPart1Test using Java 17.0.20.1 with PID 8200 (started by mss in C:\Users\mss\Desktop\finshot-remittance\finshot-remittance)
2026-09-16T15:45:04.967+07:00  INFO 8200 --- [finshot-remittance] [           main] c.finshot.remittance.TransferPart1Test   : No active profile set, falling back to 1 default profile: "default"
2026-09-16T15:45:05.058+07:00  INFO 8200 --- [finshot-remittance] [           main] .s.d.r.c.RepositoryConfigurationDelegate : Bootstrapping Spring Data JPA repositories in DEFAULT mode.
2026-09-16T15:45:05.066+07:00  INFO 8200 --- [finshot-remittance] [           main] .s.d.r.c.RepositoryConfigurationDelegate : Finished Spring Data repository scanning in 8 ms. Found 3 JPA repository interfaces.
2026-09-16T15:45:05.096+07:00  INFO 8200 --- [finshot-remittance] [           main] com.zaxxer.hikari.HikariDataSource       : HikariPool-4 - Starting...
2026-09-16T15:45:05.096+07:00  INFO 8200 --- [finshot-remittance] [           main] com.zaxxer.hikari.pool.HikariPool        : HikariPool-4 - Added connection conn30: url=jdbc:h2:mem:finshotdb user=SA
2026-09-16T15:45:05.096+07:00  INFO 8200 --- [finshot-remittance] [           main] com.zaxxer.hikari.HikariDataSource       : HikariPool-4 - Start completed.
2026-09-16T15:45:05.103+07:00  INFO 8200 --- [finshot-remittance] [           main] org.hibernate.orm.jpa                    : HHH008540: Processing PersistenceUnitInfo [name: default]
2026-09-16T15:45:05.124+07:00  INFO 8200 --- [finshot-remittance] [           main] o.s.o.j.p.SpringPersistenceUnitInfo      : No LoadTimeWeaver setup: ignoring JPA class transformer
2026-09-16T15:45:05.124+07:00  INFO 8200 --- [finshot-remittance] [           main] org.hibernate.orm.connections.pooling    : HHH10001005: Database info:
	Database JDBC URL [jdbc:h2:mem:finshotdb]
	Database driver: H2 JDBC Driver
	Database dialect: H2Dialect
	Database version: 2.4.240
	Default catalog/schema: FINSHOTDB/PUBLIC
	Autocommit mode: undefined/unknown
	Isolation level: READ_COMMITTED [default READ_COMMITTED]
	JDBC fetch size: 100
	Pool: DataSourceConnectionProvider
	Minimum pool size: undefined/unknown
	Maximum pool size: undefined/unknown
2026-09-16T15:45:05.154+07:00  INFO 8200 --- [finshot-remittance] [           main] org.hibernate.orm.core                   : HHH000489: No JTA platform available (set 'hibernate.transaction.jta.platform' to enable JTA platform integration)
2026-09-16T15:45:05.154+07:00  INFO 8200 --- [finshot-remittance] [           main] j.LocalContainerEntityManagerFactoryBean : Initialized JPA EntityManagerFactory for persistence unit 'default'
2026-09-16T15:45:05.194+07:00  WARN 8200 --- [finshot-remittance] [           main] JpaBaseConfiguration$JpaWebConfiguration : spring.jpa.open-in-view is enabled by default. Therefore, database queries may be performed during view rendering. Explicitly configure spring.jpa.open-in-view to disable this warning
2026-09-16T15:45:05.231+07:00  INFO 8200 --- [finshot-remittance] [           main] o.s.b.h.a.H2ConsoleAutoConfiguration     : H2 console available at '/h2-console'. Database available at 'jdbc:h2:mem:finshotdb'
2026-09-16T15:45:05.239+07:00  INFO 8200 --- [finshot-remittance] [           main] c.finshot.remittance.TransferPart1Test   : Started TransferPart1Test in 0.288 seconds (process running for 9.37)
2026-09-16T15:45:05.239+07:00  INFO 8200 --- [finshot-remittance] [           main] o.s.b.t.m.w.SpringBootMockServletContext : Initializing Spring TestDispatcherServlet ''
2026-09-16T15:45:05.239+07:00  INFO 8200 --- [finshot-remittance] [           main] o.s.t.web.servlet.TestDispatcherServlet  : Initializing Servlet ''
2026-09-16T15:45:05.239+07:00  INFO 8200 --- [finshot-remittance] [           main] o.s.t.web.servlet.TestDispatcherServlet  : Completed initialization in 0 ms
2026-09-16T15:45:05.260+07:00  INFO 8200 --- [finshot-remittance] [           main] c.f.remittance.service.TransferService   : Transfer created: id=8e8b4928-5810-4885-b6a3-98a9cc34e7d9, customerId=C001, amount=50000
2026-09-16T15:45:05.265+07:00  INFO 8200 --- [finshot-remittance] [           main] c.f.remittance.service.TransferService   : Transfer 8e8b4928-5810-4885-b6a3-98a9cc34e7d9 successfully cancelled.
2026-09-16T15:45:06.264+07:00  INFO 8200 --- [finshot-remittance] [         task-1] c.f.remittance.partner.PartnerService    : Transfer 8e8b4928-5810-4885-b6a3-98a9cc34e7d9 is already CANCELLED. Aborting partner sending.
2026-09-16T15:45:06.264+07:00  INFO 8200 --- [finshot-remittance] [           main] j.LocalContainerEntityManagerFactoryBean : Closing JPA EntityManagerFactory for persistence unit 'default'
2026-09-16T15:45:06.264+07:00  INFO 8200 --- [finshot-remittance] [           main] com.zaxxer.hikari.HikariDataSource       : HikariPool-4 - Shutdown initiated...
2026-09-16T15:45:06.264+07:00  INFO 8200 --- [finshot-remittance] [           main] com.zaxxer.hikari.HikariDataSource       : HikariPool-4 - Shutdown completed.

  .   ____          _            __ _ _
 /\\ / ___'_ __ _ _(_)_ __  __ _ \ \ \ \
( ( )\___ | '_ | '_| | '_ \/ _` | \ \ \ \
 \\/  ___)| |_)| | | | | || (_| |  ) ) ) )
  '  |____| .__|_| |_|_| |_\__, | / / / /
 =========|_|==============|___/=/_/_/_/

 :: Spring Boot ::                (v4.0.8)

2026-09-16T15:45:06.285+07:00  INFO 8200 --- [finshot-remittance] [           main] c.finshot.remittance.TransferPart1Test   : Starting TransferPart1Test using Java 17.0.20.1 with PID 8200 (started by mss in C:\Users\mss\Desktop\finshot-remittance\finshot-remittance)
2026-09-16T15:45:06.285+07:00  INFO 8200 --- [finshot-remittance] [           main] c.finshot.remittance.TransferPart1Test   : No active profile set, falling back to 1 default profile: "default"
2026-09-16T15:45:06.369+07:00  INFO 8200 --- [finshot-remittance] [           main] .s.d.r.c.RepositoryConfigurationDelegate : Bootstrapping Spring Data JPA repositories in DEFAULT mode.
2026-09-16T15:45:06.381+07:00  INFO 8200 --- [finshot-remittance] [           main] .s.d.r.c.RepositoryConfigurationDelegate : Finished Spring Data repository scanning in 9 ms. Found 3 JPA repository interfaces.
2026-09-16T15:45:06.405+07:00  INFO 8200 --- [finshot-remittance] [           main] com.zaxxer.hikari.HikariDataSource       : HikariPool-5 - Starting...
2026-09-16T15:45:06.405+07:00  INFO 8200 --- [finshot-remittance] [           main] com.zaxxer.hikari.pool.HikariPool        : HikariPool-5 - Added connection conn40: url=jdbc:h2:mem:finshotdb user=SA
2026-09-16T15:45:06.405+07:00  INFO 8200 --- [finshot-remittance] [           main] com.zaxxer.hikari.HikariDataSource       : HikariPool-5 - Start completed.
2026-09-16T15:45:06.417+07:00  INFO 8200 --- [finshot-remittance] [           main] org.hibernate.orm.jpa                    : HHH008540: Processing PersistenceUnitInfo [name: default]
2026-09-16T15:45:06.438+07:00  INFO 8200 --- [finshot-remittance] [           main] o.s.o.j.p.SpringPersistenceUnitInfo      : No LoadTimeWeaver setup: ignoring JPA class transformer
2026-09-16T15:45:06.440+07:00  INFO 8200 --- [finshot-remittance] [           main] org.hibernate.orm.connections.pooling    : HHH10001005: Database info:
	Database JDBC URL [jdbc:h2:mem:finshotdb]
	Database driver: H2 JDBC Driver
	Database dialect: H2Dialect
	Database version: 2.4.240
	Default catalog/schema: FINSHOTDB/PUBLIC
	Autocommit mode: undefined/unknown
	Isolation level: READ_COMMITTED [default READ_COMMITTED]
	JDBC fetch size: 100
	Pool: DataSourceConnectionProvider
	Minimum pool size: undefined/unknown
	Maximum pool size: undefined/unknown
2026-09-16T15:45:06.470+07:00  INFO 8200 --- [finshot-remittance] [           main] org.hibernate.orm.core                   : HHH000489: No JTA platform available (set 'hibernate.transaction.jta.platform' to enable JTA platform integration)
2026-09-16T15:45:06.470+07:00  INFO 8200 --- [finshot-remittance] [           main] j.LocalContainerEntityManagerFactoryBean : Initialized JPA EntityManagerFactory for persistence unit 'default'
2026-09-16T15:45:06.514+07:00  WARN 8200 --- [finshot-remittance] [           main] JpaBaseConfiguration$JpaWebConfiguration : spring.jpa.open-in-view is enabled by default. Therefore, database queries may be performed during view rendering. Explicitly configure spring.jpa.open-in-view to disable this warning
2026-09-16T15:45:06.549+07:00  INFO 8200 --- [finshot-remittance] [           main] o.s.b.h.a.H2ConsoleAutoConfiguration     : H2 console available at '/h2-console'. Database available at 'jdbc:h2:mem:finshotdb'
2026-09-16T15:45:06.559+07:00  INFO 8200 --- [finshot-remittance] [           main] c.finshot.remittance.TransferPart1Test   : Started TransferPart1Test in 0.29 seconds (process running for 10.688)
2026-09-16T15:45:06.562+07:00  INFO 8200 --- [finshot-remittance] [           main] o.s.b.t.m.w.SpringBootMockServletContext : Initializing Spring TestDispatcherServlet ''
2026-09-16T15:45:06.563+07:00  INFO 8200 --- [finshot-remittance] [           main] o.s.t.web.servlet.TestDispatcherServlet  : Initializing Servlet ''
2026-09-16T15:45:06.563+07:00  INFO 8200 --- [finshot-remittance] [           main] o.s.t.web.servlet.TestDispatcherServlet  : Completed initialization in 0 ms
2026-09-16T15:45:06.577+07:00  INFO 8200 --- [finshot-remittance] [           main] c.f.remittance.service.TransferService   : Transfer created: id=665f7084-3420-456d-8c02-143b5a076ff7, customerId=C001, amount=500000
2026-09-16T15:45:07.585+07:00  INFO 8200 --- [finshot-remittance] [         task-1] c.f.remittance.partner.PartnerService    : Transfer 665f7084-3420-456d-8c02-143b5a076ff7 transitioned to SENDING
2026-09-16T15:45:07.788+07:00  INFO 8200 --- [finshot-remittance] [         task-1] c.f.remittance.partner.PartnerClient     : PartnerClient dispatch: partnerRef=REF-17895483065769, success=true
2026-09-16T15:45:07.788+07:00  INFO 8200 --- [finshot-remittance] [         task-1] c.f.remittance.partner.PartnerService    : [Partner Attempt 1/3] partnerRef: REF-17895483065769 - SUCCESS (Accepted)
2026-09-16T15:45:07.788+07:00  INFO 8200 --- [finshot-remittance] [         task-1] c.f.remittance.partner.PartnerService    : Partner accepted transfer 665f7084-3420-456d-8c02-143b5a076ff7. Stays in SENDING awaiting callback.
2026-09-16T15:45:07.788+07:00  INFO 8200 --- [finshot-remittance] [           main] j.LocalContainerEntityManagerFactoryBean : Closing JPA EntityManagerFactory for persistence unit 'default'
2026-09-16T15:45:07.788+07:00  INFO 8200 --- [finshot-remittance] [           main] com.zaxxer.hikari.HikariDataSource       : HikariPool-5 - Shutdown initiated...
2026-09-16T15:45:07.790+07:00  INFO 8200 --- [finshot-remittance] [           main] com.zaxxer.hikari.HikariDataSource       : HikariPool-5 - Shutdown completed.

  .   ____          _            __ _ _
 /\\ / ___'_ __ _ _(_)_ __  __ _ \ \ \ \
( ( )\___ | '_ | '_| | '_ \/ _` | \ \ \ \
 \\/  ___)| |_)| | | | | || (_| |  ) ) ) )
  '  |____| .__|_| |_|_| |_\__, | / / / /
 =========|_|==============|___/=/_/_/_/

 :: Spring Boot ::                (v4.0.8)

2026-09-16T15:45:07.801+07:00  INFO 8200 --- [finshot-remittance] [           main] c.finshot.remittance.TransferPart1Test   : Starting TransferPart1Test using Java 17.0.20.1 with PID 8200 (started by mss in C:\Users\mss\Desktop\finshot-remittance\finshot-remittance)
2026-09-16T15:45:07.801+07:00  INFO 8200 --- [finshot-remittance] [           main] c.finshot.remittance.TransferPart1Test   : No active profile set, falling back to 1 default profile: "default"
2026-09-16T15:45:07.879+07:00  INFO 8200 --- [finshot-remittance] [           main] .s.d.r.c.RepositoryConfigurationDelegate : Bootstrapping Spring Data JPA repositories in DEFAULT mode.
2026-09-16T15:45:07.886+07:00  INFO 8200 --- [finshot-remittance] [           main] .s.d.r.c.RepositoryConfigurationDelegate : Finished Spring Data repository scanning in 8 ms. Found 3 JPA repository interfaces.
2026-09-16T15:45:07.912+07:00  INFO 8200 --- [finshot-remittance] [           main] com.zaxxer.hikari.HikariDataSource       : HikariPool-6 - Starting...
2026-09-16T15:45:07.912+07:00  INFO 8200 --- [finshot-remittance] [           main] com.zaxxer.hikari.pool.HikariPool        : HikariPool-6 - Added connection conn50: url=jdbc:h2:mem:finshotdb user=SA
2026-09-16T15:45:07.913+07:00  INFO 8200 --- [finshot-remittance] [           main] com.zaxxer.hikari.HikariDataSource       : HikariPool-6 - Start completed.
2026-09-16T15:45:07.924+07:00  INFO 8200 --- [finshot-remittance] [           main] org.hibernate.orm.jpa                    : HHH008540: Processing PersistenceUnitInfo [name: default]
2026-09-16T15:45:07.942+07:00  INFO 8200 --- [finshot-remittance] [           main] o.s.o.j.p.SpringPersistenceUnitInfo      : No LoadTimeWeaver setup: ignoring JPA class transformer
2026-09-16T15:45:07.942+07:00  INFO 8200 --- [finshot-remittance] [           main] org.hibernate.orm.connections.pooling    : HHH10001005: Database info:
	Database JDBC URL [jdbc:h2:mem:finshotdb]
	Database driver: H2 JDBC Driver
	Database dialect: H2Dialect
	Database version: 2.4.240
	Default catalog/schema: FINSHOTDB/PUBLIC
	Autocommit mode: undefined/unknown
	Isolation level: READ_COMMITTED [default READ_COMMITTED]
	JDBC fetch size: 100
	Pool: DataSourceConnectionProvider
	Minimum pool size: undefined/unknown
	Maximum pool size: undefined/unknown
2026-09-16T15:45:07.970+07:00  INFO 8200 --- [finshot-remittance] [           main] org.hibernate.orm.core                   : HHH000489: No JTA platform available (set 'hibernate.transaction.jta.platform' to enable JTA platform integration)
2026-09-16T15:45:07.970+07:00  INFO 8200 --- [finshot-remittance] [           main] j.LocalContainerEntityManagerFactoryBean : Initialized JPA EntityManagerFactory for persistence unit 'default'
2026-09-16T15:45:08.016+07:00  WARN 8200 --- [finshot-remittance] [           main] JpaBaseConfiguration$JpaWebConfiguration : spring.jpa.open-in-view is enabled by default. Therefore, database queries may be performed during view rendering. Explicitly configure spring.jpa.open-in-view to disable this warning
2026-09-16T15:45:08.053+07:00  INFO 8200 --- [finshot-remittance] [           main] o.s.b.h.a.H2ConsoleAutoConfiguration     : H2 console available at '/h2-console'. Database available at 'jdbc:h2:mem:finshotdb'
2026-09-16T15:45:08.065+07:00  INFO 8200 --- [finshot-remittance] [           main] c.finshot.remittance.TransferPart1Test   : Started TransferPart1Test in 0.272 seconds (process running for 12.192)
2026-09-16T15:45:08.066+07:00  INFO 8200 --- [finshot-remittance] [           main] o.s.b.t.m.w.SpringBootMockServletContext : Initializing Spring TestDispatcherServlet ''
2026-09-16T15:45:08.066+07:00  INFO 8200 --- [finshot-remittance] [           main] o.s.t.web.servlet.TestDispatcherServlet  : Initializing Servlet ''
2026-09-16T15:45:08.066+07:00  INFO 8200 --- [finshot-remittance] [           main] o.s.t.web.servlet.TestDispatcherServlet  : Completed initialization in 0 ms
2026-09-16T15:45:08.081+07:00  INFO 8200 --- [finshot-remittance] [           main] c.f.remittance.service.TransferService   : Transfer created: id=2e0d31ea-80bc-4366-911b-0b7547558241, customerId=C003, amount=100000
2026-09-16T15:45:08.086+07:00  INFO 8200 --- [finshot-remittance] [           main] c.f.remittance.service.TransferService   : Idempotent request replayed for key: test-key-s3
2026-09-16T15:45:09.090+07:00  INFO 8200 --- [finshot-remittance] [         task-1] c.f.remittance.partner.PartnerService    : Transfer 2e0d31ea-80bc-4366-911b-0b7547558241 transitioned to SENDING
2026-09-16T15:45:09.294+07:00  INFO 8200 --- [finshot-remittance] [         task-1] c.f.remittance.partner.PartnerClient     : PartnerClient dispatch: partnerRef=REF-17895483080749, success=true
2026-09-16T15:45:09.294+07:00  INFO 8200 --- [finshot-remittance] [         task-1] c.f.remittance.partner.PartnerService    : [Partner Attempt 1/3] partnerRef: REF-17895483080749 - SUCCESS (Accepted)
2026-09-16T15:45:09.294+07:00  INFO 8200 --- [finshot-remittance] [         task-1] c.f.remittance.partner.PartnerService    : Partner accepted transfer 2e0d31ea-80bc-4366-911b-0b7547558241. Stays in SENDING awaiting callback.
2026-09-16T15:45:09.294+07:00  INFO 8200 --- [finshot-remittance] [           main] j.LocalContainerEntityManagerFactoryBean : Closing JPA EntityManagerFactory for persistence unit 'default'
2026-09-16T15:45:09.294+07:00  INFO 8200 --- [finshot-remittance] [           main] com.zaxxer.hikari.HikariDataSource       : HikariPool-6 - Shutdown initiated...
2026-09-16T15:45:09.294+07:00  INFO 8200 --- [finshot-remittance] [           main] com.zaxxer.hikari.HikariDataSource       : HikariPool-6 - Shutdown completed.

  .   ____          _            __ _ _
 /\\ / ___'_ __ _ _(_)_ __  __ _ \ \ \ \
( ( )\___ | '_ | '_| | '_ \/ _` | \ \ \ \
 \\/  ___)| |_)| | | | | || (_| |  ) ) ) )
  '  |____| .__|_| |_|_| |_\__, | / / / /
 =========|_|==============|___/=/_/_/_/

 :: Spring Boot ::                (v4.0.8)

2026-09-16T15:45:09.313+07:00  INFO 8200 --- [finshot-remittance] [           main] c.finshot.remittance.TransferPart1Test   : Starting TransferPart1Test using Java 17.0.20.1 with PID 8200 (started by mss in C:\Users\mss\Desktop\finshot-remittance\finshot-remittance)
2026-09-16T15:45:09.313+07:00  INFO 8200 --- [finshot-remittance] [           main] c.finshot.remittance.TransferPart1Test   : No active profile set, falling back to 1 default profile: "default"
2026-09-16T15:45:09.375+07:00  INFO 8200 --- [finshot-remittance] [           main] .s.d.r.c.RepositoryConfigurationDelegate : Bootstrapping Spring Data JPA repositories in DEFAULT mode.
2026-09-16T15:45:09.382+07:00  INFO 8200 --- [finshot-remittance] [           main] .s.d.r.c.RepositoryConfigurationDelegate : Finished Spring Data repository scanning in 7 ms. Found 3 JPA repository interfaces.
2026-09-16T15:45:09.409+07:00  INFO 8200 --- [finshot-remittance] [           main] com.zaxxer.hikari.HikariDataSource       : HikariPool-7 - Starting...
2026-09-16T15:45:09.410+07:00  INFO 8200 --- [finshot-remittance] [           main] com.zaxxer.hikari.pool.HikariPool        : HikariPool-7 - Added connection conn60: url=jdbc:h2:mem:finshotdb user=SA
2026-09-16T15:45:09.410+07:00  INFO 8200 --- [finshot-remittance] [           main] com.zaxxer.hikari.HikariDataSource       : HikariPool-7 - Start completed.
2026-09-16T15:45:09.417+07:00  INFO 8200 --- [finshot-remittance] [           main] org.hibernate.orm.jpa                    : HHH008540: Processing PersistenceUnitInfo [name: default]
2026-09-16T15:45:09.436+07:00  INFO 8200 --- [finshot-remittance] [           main] o.s.o.j.p.SpringPersistenceUnitInfo      : No LoadTimeWeaver setup: ignoring JPA class transformer
2026-09-16T15:45:09.438+07:00  INFO 8200 --- [finshot-remittance] [           main] org.hibernate.orm.connections.pooling    : HHH10001005: Database info:
	Database JDBC URL [jdbc:h2:mem:finshotdb]
	Database driver: H2 JDBC Driver
	Database dialect: H2Dialect
	Database version: 2.4.240
	Default catalog/schema: FINSHOTDB/PUBLIC
	Autocommit mode: undefined/unknown
	Isolation level: READ_COMMITTED [default READ_COMMITTED]
	JDBC fetch size: 100
	Pool: DataSourceConnectionProvider
	Minimum pool size: undefined/unknown
	Maximum pool size: undefined/unknown
2026-09-16T15:45:09.459+07:00  INFO 8200 --- [finshot-remittance] [           main] org.hibernate.orm.core                   : HHH000489: No JTA platform available (set 'hibernate.transaction.jta.platform' to enable JTA platform integration)
2026-09-16T15:45:09.463+07:00  INFO 8200 --- [finshot-remittance] [           main] j.LocalContainerEntityManagerFactoryBean : Initialized JPA EntityManagerFactory for persistence unit 'default'
2026-09-16T15:45:09.493+07:00  WARN 8200 --- [finshot-remittance] [           main] JpaBaseConfiguration$JpaWebConfiguration : spring.jpa.open-in-view is enabled by default. Therefore, database queries may be performed during view rendering. Explicitly configure spring.jpa.open-in-view to disable this warning
2026-09-16T15:45:09.534+07:00  INFO 8200 --- [finshot-remittance] [           main] o.s.b.h.a.H2ConsoleAutoConfiguration     : H2 console available at '/h2-console'. Database available at 'jdbc:h2:mem:finshotdb'
2026-09-16T15:45:09.542+07:00  INFO 8200 --- [finshot-remittance] [           main] c.finshot.remittance.TransferPart1Test   : Started TransferPart1Test in 0.246 seconds (process running for 13.671)
2026-09-16T15:45:09.542+07:00  INFO 8200 --- [finshot-remittance] [           main] o.s.b.t.m.w.SpringBootMockServletContext : Initializing Spring TestDispatcherServlet ''
2026-09-16T15:45:09.542+07:00  INFO 8200 --- [finshot-remittance] [           main] o.s.t.web.servlet.TestDispatcherServlet  : Initializing Servlet ''
2026-09-16T15:45:09.542+07:00  INFO 8200 --- [finshot-remittance] [           main] o.s.t.web.servlet.TestDispatcherServlet  : Completed initialization in 0 ms
[INFO] Tests run: 6, Failures: 0, Errors: 0, Skipped: 0, Time elapsed: 7.745 s -- in com.finshot.remittance.TransferPart1Test
[INFO] Running com.finshot.remittance.TransferScenariosTest
2026-09-16T15:45:09.562+07:00  INFO 8200 --- [finshot-remittance] [           main] t.c.s.AnnotationConfigContextLoaderUtils : Could not detect default configuration classes for test class [com.finshot.remittance.TransferScenariosTest]: TransferScenariosTest does not declare any static, non-private, non-final, nested classes annotated with @Configuration.
2026-09-16T15:45:09.564+07:00  INFO 8200 --- [finshot-remittance] [           main] .b.t.c.SpringBootTestContextBootstrapper : Found @SpringBootConfiguration com.finshot.remittance.FinshotRemittanceApplication for test class com.finshot.remittance.TransferScenariosTest
2026-09-16T15:45:09.564+07:00  INFO 8200 --- [finshot-remittance] [           main] t.c.s.AnnotationConfigContextLoaderUtils : Could not detect default configuration classes for test class [com.finshot.remittance.TransferScenariosTest]: TransferScenariosTest does not declare any static, non-private, non-final, nested classes annotated with @Configuration.
2026-09-16T15:45:09.564+07:00  INFO 8200 --- [finshot-remittance] [           main] .b.t.c.SpringBootTestContextBootstrapper : Found @SpringBootConfiguration com.finshot.remittance.FinshotRemittanceApplication for test class com.finshot.remittance.TransferScenariosTest
2026-09-16T15:45:09.569+07:00  INFO 8200 --- [finshot-remittance] [           main] j.LocalContainerEntityManagerFactoryBean : Closing JPA EntityManagerFactory for persistence unit 'default'
2026-09-16T15:45:09.569+07:00  INFO 8200 --- [finshot-remittance] [           main] com.zaxxer.hikari.HikariDataSource       : HikariPool-7 - Shutdown initiated...
2026-09-16T15:45:09.585+07:00  INFO 8200 --- [finshot-remittance] [           main] com.zaxxer.hikari.HikariDataSource       : HikariPool-7 - Shutdown completed.

  .   ____          _            __ _ _
 /\\ / ___'_ __ _ _(_)_ __  __ _ \ \ \ \
( ( )\___ | '_ | '_| | '_ \/ _` | \ \ \ \
 \\/  ___)| |_)| | | | | || (_| |  ) ) ) )
  '  |____| .__|_| |_|_| |_\__, | / / / /
 =========|_|==============|___/=/_/_/_/

 :: Spring Boot ::                (v4.0.8)

2026-09-16T15:45:09.598+07:00  INFO 8200 --- [finshot-remittance] [           main] c.f.remittance.TransferScenariosTest     : Starting TransferScenariosTest using Java 17.0.20.1 with PID 8200 (started by mss in C:\Users\mss\Desktop\finshot-remittance\finshot-remittance)
2026-09-16T15:45:09.598+07:00  INFO 8200 --- [finshot-remittance] [           main] c.f.remittance.TransferScenariosTest     : No active profile set, falling back to 1 default profile: "default"
2026-09-16T15:45:09.665+07:00  INFO 8200 --- [finshot-remittance] [           main] .s.d.r.c.RepositoryConfigurationDelegate : Bootstrapping Spring Data JPA repositories in DEFAULT mode.
2026-09-16T15:45:09.674+07:00  INFO 8200 --- [finshot-remittance] [           main] .s.d.r.c.RepositoryConfigurationDelegate : Finished Spring Data repository scanning in 8 ms. Found 3 JPA repository interfaces.
2026-09-16T15:45:09.695+07:00  INFO 8200 --- [finshot-remittance] [           main] com.zaxxer.hikari.HikariDataSource       : HikariPool-8 - Starting...
2026-09-16T15:45:09.695+07:00  INFO 8200 --- [finshot-remittance] [           main] com.zaxxer.hikari.pool.HikariPool        : HikariPool-8 - Added connection conn63: url=jdbc:h2:mem:finshotdb user=SA
2026-09-16T15:45:09.695+07:00  INFO 8200 --- [finshot-remittance] [           main] com.zaxxer.hikari.HikariDataSource       : HikariPool-8 - Start completed.
2026-09-16T15:45:09.708+07:00  INFO 8200 --- [finshot-remittance] [           main] org.hibernate.orm.jpa                    : HHH008540: Processing PersistenceUnitInfo [name: default]
2026-09-16T15:45:09.730+07:00  INFO 8200 --- [finshot-remittance] [           main] o.s.o.j.p.SpringPersistenceUnitInfo      : No LoadTimeWeaver setup: ignoring JPA class transformer
2026-09-16T15:45:09.730+07:00  INFO 8200 --- [finshot-remittance] [           main] org.hibernate.orm.connections.pooling    : HHH10001005: Database info:
	Database JDBC URL [jdbc:h2:mem:finshotdb]
	Database driver: H2 JDBC Driver
	Database dialect: H2Dialect
	Database version: 2.4.240
	Default catalog/schema: FINSHOTDB/PUBLIC
	Autocommit mode: undefined/unknown
	Isolation level: READ_COMMITTED [default READ_COMMITTED]
	JDBC fetch size: 100
	Pool: DataSourceConnectionProvider
	Minimum pool size: undefined/unknown
	Maximum pool size: undefined/unknown
2026-09-16T15:45:09.763+07:00  INFO 8200 --- [finshot-remittance] [           main] org.hibernate.orm.core                   : HHH000489: No JTA platform available (set 'hibernate.transaction.jta.platform' to enable JTA platform integration)
2026-09-16T15:45:09.764+07:00  INFO 8200 --- [finshot-remittance] [           main] j.LocalContainerEntityManagerFactoryBean : Initialized JPA EntityManagerFactory for persistence unit 'default'
2026-09-16T15:45:09.793+07:00  WARN 8200 --- [finshot-remittance] [           main] JpaBaseConfiguration$JpaWebConfiguration : spring.jpa.open-in-view is enabled by default. Therefore, database queries may be performed during view rendering. Explicitly configure spring.jpa.open-in-view to disable this warning
2026-09-16T15:45:09.827+07:00  INFO 8200 --- [finshot-remittance] [           main] o.s.b.h.a.H2ConsoleAutoConfiguration     : H2 console available at '/h2-console'. Database available at 'jdbc:h2:mem:finshotdb'
2026-09-16T15:45:09.840+07:00  INFO 8200 --- [finshot-remittance] [           main] c.f.remittance.TransferScenariosTest     : Started TransferScenariosTest in 0.255 seconds (process running for 13.969)
2026-09-16T15:45:09.842+07:00  INFO 8200 --- [finshot-remittance] [           main] o.s.b.t.m.w.SpringBootMockServletContext : Initializing Spring TestDispatcherServlet ''
2026-09-16T15:45:09.842+07:00  INFO 8200 --- [finshot-remittance] [           main] o.s.t.web.servlet.TestDispatcherServlet  : Initializing Servlet ''
2026-09-16T15:45:09.842+07:00  INFO 8200 --- [finshot-remittance] [           main] o.s.t.web.servlet.TestDispatcherServlet  : Completed initialization in 0 ms
2026-09-16T15:45:09.855+07:00  INFO 8200 --- [finshot-remittance] [           main] c.f.remittance.service.TransferService   : Transfer created: id=f6478fe6-6858-43c8-82e9-48148a80c0cf, customerId=C001, amount=50000
2026-09-16T15:45:09.876+07:00  INFO 8200 --- [finshot-remittance] [           main] c.f.r.partner.PartnerCallbackService     : Transfer f6478fe6-6858-43c8-82e9-48148a80c0cf successfully COMPLETED via callback event evt_s8_001
2026-09-16T15:45:09.882+07:00  INFO 8200 --- [finshot-remittance] [           main] c.f.r.partner.PartnerCallbackService     : Callback eventId evt_s8_001 already processed. Returning current state idempotently.
2026-09-16T15:45:11.063+07:00  INFO 8200 --- [finshot-remittance] [         task-1] c.f.remittance.partner.PartnerClient     : PartnerClient dispatch: partnerRef=REF-17895483098489, success=true
2026-09-16T15:45:11.063+07:00  INFO 8200 --- [finshot-remittance] [         task-1] c.f.remittance.partner.PartnerService    : [Partner Attempt 1/3] partnerRef: REF-17895483098489 - SUCCESS (Accepted)
2026-09-16T15:45:11.063+07:00  INFO 8200 --- [finshot-remittance] [         task-1] c.f.remittance.partner.PartnerService    : Partner accepted transfer f6478fe6-6858-43c8-82e9-48148a80c0cf. Stays in SENDING awaiting callback.
2026-09-16T15:45:11.063+07:00  INFO 8200 --- [finshot-remittance] [           main] j.LocalContainerEntityManagerFactoryBean : Closing JPA EntityManagerFactory for persistence unit 'default'
2026-09-16T15:45:11.063+07:00  INFO 8200 --- [finshot-remittance] [           main] com.zaxxer.hikari.HikariDataSource       : HikariPool-8 - Shutdown initiated...
2026-09-16T15:45:11.063+07:00  INFO 8200 --- [finshot-remittance] [           main] com.zaxxer.hikari.HikariDataSource       : HikariPool-8 - Shutdown completed.

  .   ____          _            __ _ _
 /\\ / ___'_ __ _ _(_)_ __  __ _ \ \ \ \
( ( )\___ | '_ | '_| | '_ \/ _` | \ \ \ \
 \\/  ___)| |_)| | | | | || (_| |  ) ) ) )
  '  |____| .__|_| |_|_| |_\__, | / / / /
 =========|_|==============|___/=/_/_/_/

 :: Spring Boot ::                (v4.0.8)

2026-09-16T15:45:11.075+07:00  INFO 8200 --- [finshot-remittance] [           main] c.f.remittance.TransferScenariosTest     : Starting TransferScenariosTest using Java 17.0.20.1 with PID 8200 (started by mss in C:\Users\mss\Desktop\finshot-remittance\finshot-remittance)
2026-09-16T15:45:11.075+07:00  INFO 8200 --- [finshot-remittance] [           main] c.f.remittance.TransferScenariosTest     : No active profile set, falling back to 1 default profile: "default"
2026-09-16T15:45:11.142+07:00  INFO 8200 --- [finshot-remittance] [           main] .s.d.r.c.RepositoryConfigurationDelegate : Bootstrapping Spring Data JPA repositories in DEFAULT mode.
2026-09-16T15:45:11.150+07:00  INFO 8200 --- [finshot-remittance] [           main] .s.d.r.c.RepositoryConfigurationDelegate : Finished Spring Data repository scanning in 7 ms. Found 3 JPA repository interfaces.
2026-09-16T15:45:11.174+07:00  INFO 8200 --- [finshot-remittance] [           main] com.zaxxer.hikari.HikariDataSource       : HikariPool-9 - Starting...
2026-09-16T15:45:11.176+07:00  INFO 8200 --- [finshot-remittance] [           main] com.zaxxer.hikari.pool.HikariPool        : HikariPool-9 - Added connection conn73: url=jdbc:h2:mem:finshotdb user=SA
2026-09-16T15:45:11.176+07:00  INFO 8200 --- [finshot-remittance] [           main] com.zaxxer.hikari.HikariDataSource       : HikariPool-9 - Start completed.
2026-09-16T15:45:11.187+07:00  INFO 8200 --- [finshot-remittance] [           main] org.hibernate.orm.jpa                    : HHH008540: Processing PersistenceUnitInfo [name: default]
2026-09-16T15:45:11.201+07:00  INFO 8200 --- [finshot-remittance] [           main] o.s.o.j.p.SpringPersistenceUnitInfo      : No LoadTimeWeaver setup: ignoring JPA class transformer
2026-09-16T15:45:11.201+07:00  INFO 8200 --- [finshot-remittance] [           main] org.hibernate.orm.connections.pooling    : HHH10001005: Database info:
	Database JDBC URL [jdbc:h2:mem:finshotdb]
	Database driver: H2 JDBC Driver
	Database dialect: H2Dialect
	Database version: 2.4.240
	Default catalog/schema: FINSHOTDB/PUBLIC
	Autocommit mode: undefined/unknown
	Isolation level: READ_COMMITTED [default READ_COMMITTED]
	JDBC fetch size: 100
	Pool: DataSourceConnectionProvider
	Minimum pool size: undefined/unknown
	Maximum pool size: undefined/unknown
2026-09-16T15:45:11.223+07:00  INFO 8200 --- [finshot-remittance] [           main] org.hibernate.orm.core                   : HHH000489: No JTA platform available (set 'hibernate.transaction.jta.platform' to enable JTA platform integration)
2026-09-16T15:45:11.227+07:00  INFO 8200 --- [finshot-remittance] [           main] j.LocalContainerEntityManagerFactoryBean : Initialized JPA EntityManagerFactory for persistence unit 'default'
2026-09-16T15:45:11.269+07:00  WARN 8200 --- [finshot-remittance] [           main] JpaBaseConfiguration$JpaWebConfiguration : spring.jpa.open-in-view is enabled by default. Therefore, database queries may be performed during view rendering. Explicitly configure spring.jpa.open-in-view to disable this warning
2026-09-16T15:45:11.312+07:00  INFO 8200 --- [finshot-remittance] [           main] o.s.b.h.a.H2ConsoleAutoConfiguration     : H2 console available at '/h2-console'. Database available at 'jdbc:h2:mem:finshotdb'
2026-09-16T15:45:11.327+07:00  INFO 8200 --- [finshot-remittance] [           main] c.f.remittance.TransferScenariosTest     : Started TransferScenariosTest in 0.264 seconds (process running for 15.458)
2026-09-16T15:45:11.332+07:00  INFO 8200 --- [finshot-remittance] [           main] o.s.b.t.m.w.SpringBootMockServletContext : Initializing Spring TestDispatcherServlet ''
2026-09-16T15:45:11.332+07:00  INFO 8200 --- [finshot-remittance] [           main] o.s.t.web.servlet.TestDispatcherServlet  : Initializing Servlet ''
2026-09-16T15:45:11.332+07:00  INFO 8200 --- [finshot-remittance] [           main] o.s.t.web.servlet.TestDispatcherServlet  : Completed initialization in 0 ms
2026-09-16T15:45:11.347+07:00  INFO 8200 --- [finshot-remittance] [           main] c.f.remittance.service.TransferService   : Transfer created: id=2f4a25e4-d258-4681-9164-00c7ff2aa13b, customerId=C001, amount=50000
2026-09-16T15:45:11.354+07:00  INFO 8200 --- [finshot-remittance] [           main] c.f.remittance.partner.PartnerService    : Transfer 2f4a25e4-d258-4681-9164-00c7ff2aa13b transitioned to SENDING
2026-09-16T15:45:11.556+07:00  INFO 8200 --- [finshot-remittance] [           main] c.f.remittance.partner.PartnerClient     : PartnerClient dispatch: partnerRef=PARTNER-REF-FAIL-0, success=false
2026-09-16T15:45:11.556+07:00  WARN 8200 --- [finshot-remittance] [           main] c.f.remittance.partner.PartnerService    : [Partner Attempt 1/3] partnerRef: PARTNER-REF-FAIL-0 - FAILED (Rejected)
2026-09-16T15:45:11.862+07:00  INFO 8200 --- [finshot-remittance] [           main] c.f.remittance.partner.PartnerClient     : PartnerClient dispatch: partnerRef=PARTNER-REF-FAIL-0, success=false
2026-09-16T15:45:11.862+07:00  WARN 8200 --- [finshot-remittance] [           main] c.f.remittance.partner.PartnerService    : [Partner Attempt 2/3] partnerRef: PARTNER-REF-FAIL-0 - FAILED (Rejected)
2026-09-16T15:45:12.266+07:00  INFO 8200 --- [finshot-remittance] [           main] c.f.remittance.partner.PartnerClient     : PartnerClient dispatch: partnerRef=PARTNER-REF-FAIL-0, success=false
2026-09-16T15:45:12.266+07:00  WARN 8200 --- [finshot-remittance] [           main] c.f.remittance.partner.PartnerService    : [Partner Attempt 3/3] partnerRef: PARTNER-REF-FAIL-0 - FAILED (Rejected)
2026-09-16T15:45:12.266+07:00  WARN 8200 --- [finshot-remittance] [           main] c.f.remittance.partner.PartnerService    : All 3 attempts failed. Transfer 2f4a25e4-d258-4681-9164-00c7ff2aa13b transitioned to FAILED.
2026-09-16T15:45:12.561+07:00  INFO 8200 --- [finshot-remittance] [         task-1] c.f.remittance.partner.PartnerClient     : PartnerClient dispatch: partnerRef=PARTNER-REF-FAIL-0, success=false
2026-09-16T15:45:12.561+07:00  WARN 8200 --- [finshot-remittance] [         task-1] c.f.remittance.partner.PartnerService    : [Partner Attempt 1/3] partnerRef: PARTNER-REF-FAIL-0 - FAILED (Rejected)
2026-09-16T15:45:12.865+07:00  INFO 8200 --- [finshot-remittance] [         task-1] c.f.remittance.partner.PartnerClient     : PartnerClient dispatch: partnerRef=PARTNER-REF-FAIL-0, success=false
2026-09-16T15:45:12.865+07:00  WARN 8200 --- [finshot-remittance] [         task-1] c.f.remittance.partner.PartnerService    : [Partner Attempt 2/3] partnerRef: PARTNER-REF-FAIL-0 - FAILED (Rejected)
2026-09-16T15:45:13.269+07:00  INFO 8200 --- [finshot-remittance] [         task-1] c.f.remittance.partner.PartnerClient     : PartnerClient dispatch: partnerRef=PARTNER-REF-FAIL-0, success=false
2026-09-16T15:45:13.269+07:00  WARN 8200 --- [finshot-remittance] [         task-1] c.f.remittance.partner.PartnerService    : [Partner Attempt 3/3] partnerRef: PARTNER-REF-FAIL-0 - FAILED (Rejected)
2026-09-16T15:45:13.269+07:00  WARN 8200 --- [finshot-remittance] [         task-1] c.f.remittance.partner.PartnerService    : All 3 attempts failed. Transfer 2f4a25e4-d258-4681-9164-00c7ff2aa13b transitioned to FAILED.
2026-09-16T15:45:13.269+07:00  INFO 8200 --- [finshot-remittance] [           main] j.LocalContainerEntityManagerFactoryBean : Closing JPA EntityManagerFactory for persistence unit 'default'
2026-09-16T15:45:13.269+07:00  INFO 8200 --- [finshot-remittance] [           main] com.zaxxer.hikari.HikariDataSource       : HikariPool-9 - Shutdown initiated...
2026-09-16T15:45:13.269+07:00  INFO 8200 --- [finshot-remittance] [           main] com.zaxxer.hikari.HikariDataSource       : HikariPool-9 - Shutdown completed.

  .   ____          _            __ _ _
 /\\ / ___'_ __ _ _(_)_ __  __ _ \ \ \ \
( ( )\___ | '_ | '_| | '_ \/ _` | \ \ \ \
 \\/  ___)| |_)| | | | | || (_| |  ) ) ) )
  '  |____| .__|_| |_|_| |_\__, | / / / /
 =========|_|==============|___/=/_/_/_/

 :: Spring Boot ::                (v4.0.8)

2026-09-16T15:45:13.283+07:00  INFO 8200 --- [finshot-remittance] [           main] c.f.remittance.TransferScenariosTest     : Starting TransferScenariosTest using Java 17.0.20.1 with PID 8200 (started by mss in C:\Users\mss\Desktop\finshot-remittance\finshot-remittance)
2026-09-16T15:45:13.283+07:00  INFO 8200 --- [finshot-remittance] [           main] c.f.remittance.TransferScenariosTest     : No active profile set, falling back to 1 default profile: "default"
2026-09-16T15:45:13.344+07:00  INFO 8200 --- [finshot-remittance] [           main] .s.d.r.c.RepositoryConfigurationDelegate : Bootstrapping Spring Data JPA repositories in DEFAULT mode.
2026-09-16T15:45:13.351+07:00  INFO 8200 --- [finshot-remittance] [           main] .s.d.r.c.RepositoryConfigurationDelegate : Finished Spring Data repository scanning in 6 ms. Found 3 JPA repository interfaces.
2026-09-16T15:45:13.366+07:00  INFO 8200 --- [finshot-remittance] [           main] com.zaxxer.hikari.HikariDataSource       : HikariPool-10 - Starting...
2026-09-16T15:45:13.366+07:00  INFO 8200 --- [finshot-remittance] [           main] com.zaxxer.hikari.pool.HikariPool        : HikariPool-10 - Added connection conn83: url=jdbc:h2:mem:finshotdb user=SA
2026-09-16T15:45:13.366+07:00  INFO 8200 --- [finshot-remittance] [           main] com.zaxxer.hikari.HikariDataSource       : HikariPool-10 - Start completed.
2026-09-16T15:45:13.380+07:00  INFO 8200 --- [finshot-remittance] [           main] org.hibernate.orm.jpa                    : HHH008540: Processing PersistenceUnitInfo [name: default]
2026-09-16T15:45:13.395+07:00  INFO 8200 --- [finshot-remittance] [           main] o.s.o.j.p.SpringPersistenceUnitInfo      : No LoadTimeWeaver setup: ignoring JPA class transformer
2026-09-16T15:45:13.395+07:00  INFO 8200 --- [finshot-remittance] [           main] org.hibernate.orm.connections.pooling    : HHH10001005: Database info:
	Database JDBC URL [jdbc:h2:mem:finshotdb]
	Database driver: H2 JDBC Driver
	Database dialect: H2Dialect
	Database version: 2.4.240
	Default catalog/schema: FINSHOTDB/PUBLIC
	Autocommit mode: undefined/unknown
	Isolation level: READ_COMMITTED [default READ_COMMITTED]
	JDBC fetch size: 100
	Pool: DataSourceConnectionProvider
	Minimum pool size: undefined/unknown
	Maximum pool size: undefined/unknown
2026-09-16T15:45:13.422+07:00  INFO 8200 --- [finshot-remittance] [           main] org.hibernate.orm.core                   : HHH000489: No JTA platform available (set 'hibernate.transaction.jta.platform' to enable JTA platform integration)
2026-09-16T15:45:13.422+07:00  INFO 8200 --- [finshot-remittance] [           main] j.LocalContainerEntityManagerFactoryBean : Initialized JPA EntityManagerFactory for persistence unit 'default'
2026-09-16T15:45:13.456+07:00  WARN 8200 --- [finshot-remittance] [           main] JpaBaseConfiguration$JpaWebConfiguration : spring.jpa.open-in-view is enabled by default. Therefore, database queries may be performed during view rendering. Explicitly configure spring.jpa.open-in-view to disable this warning
2026-09-16T15:45:13.491+07:00  INFO 8200 --- [finshot-remittance] [           main] o.s.b.h.a.H2ConsoleAutoConfiguration     : H2 console available at '/h2-console'. Database available at 'jdbc:h2:mem:finshotdb'
2026-09-16T15:45:13.499+07:00  INFO 8200 --- [finshot-remittance] [           main] c.f.remittance.TransferScenariosTest     : Started TransferScenariosTest in 0.225 seconds (process running for 17.628)
2026-09-16T15:45:13.499+07:00  INFO 8200 --- [finshot-remittance] [           main] o.s.b.t.m.w.SpringBootMockServletContext : Initializing Spring TestDispatcherServlet ''
2026-09-16T15:45:13.502+07:00  INFO 8200 --- [finshot-remittance] [           main] o.s.t.web.servlet.TestDispatcherServlet  : Initializing Servlet ''
2026-09-16T15:45:13.502+07:00  INFO 8200 --- [finshot-remittance] [           main] o.s.t.web.servlet.TestDispatcherServlet  : Completed initialization in 0 ms
2026-09-16T15:45:13.513+07:00  INFO 8200 --- [finshot-remittance] [           main] c.f.remittance.service.TransferService   : Transfer created: id=a6d0bfcc-36fd-487c-8b97-903f35db5f1d, customerId=C002, amount=10000
2026-09-16T15:45:14.521+07:00  INFO 8200 --- [finshot-remittance] [         task-1] c.f.remittance.partner.PartnerService    : Transfer a6d0bfcc-36fd-487c-8b97-903f35db5f1d transitioned to SENDING
2026-09-16T15:45:14.723+07:00  INFO 8200 --- [finshot-remittance] [         task-1] c.f.remittance.partner.PartnerClient     : PartnerClient dispatch: partnerRef=REF-17895483135139, success=true
2026-09-16T15:45:14.723+07:00  INFO 8200 --- [finshot-remittance] [         task-1] c.f.remittance.partner.PartnerService    : [Partner Attempt 1/3] partnerRef: REF-17895483135139 - SUCCESS (Accepted)
2026-09-16T15:45:14.723+07:00  INFO 8200 --- [finshot-remittance] [         task-1] c.f.remittance.partner.PartnerService    : Partner accepted transfer a6d0bfcc-36fd-487c-8b97-903f35db5f1d. Stays in SENDING awaiting callback.
2026-09-16T15:45:14.723+07:00  INFO 8200 --- [finshot-remittance] [           main] j.LocalContainerEntityManagerFactoryBean : Closing JPA EntityManagerFactory for persistence unit 'default'
2026-09-16T15:45:14.723+07:00  INFO 8200 --- [finshot-remittance] [           main] com.zaxxer.hikari.HikariDataSource       : HikariPool-10 - Shutdown initiated...
2026-09-16T15:45:14.723+07:00  INFO 8200 --- [finshot-remittance] [           main] com.zaxxer.hikari.HikariDataSource       : HikariPool-10 - Shutdown completed.

  .   ____          _            __ _ _
 /\\ / ___'_ __ _ _(_)_ __  __ _ \ \ \ \
( ( )\___ | '_ | '_| | '_ \/ _` | \ \ \ \
 \\/  ___)| |_)| | | | | || (_| |  ) ) ) )
  '  |____| .__|_| |_|_| |_\__, | / / / /
 =========|_|==============|___/=/_/_/_/

 :: Spring Boot ::                (v4.0.8)

2026-09-16T15:45:14.734+07:00  INFO 8200 --- [finshot-remittance] [           main] c.f.remittance.TransferScenariosTest     : Starting TransferScenariosTest using Java 17.0.20.1 with PID 8200 (started by mss in C:\Users\mss\Desktop\finshot-remittance\finshot-remittance)
2026-09-16T15:45:14.734+07:00  INFO 8200 --- [finshot-remittance] [           main] c.f.remittance.TransferScenariosTest     : No active profile set, falling back to 1 default profile: "default"
2026-09-16T15:45:14.792+07:00  INFO 8200 --- [finshot-remittance] [           main] .s.d.r.c.RepositoryConfigurationDelegate : Bootstrapping Spring Data JPA repositories in DEFAULT mode.
2026-09-16T15:45:14.799+07:00  INFO 8200 --- [finshot-remittance] [           main] .s.d.r.c.RepositoryConfigurationDelegate : Finished Spring Data repository scanning in 7 ms. Found 3 JPA repository interfaces.
2026-09-16T15:45:14.821+07:00  INFO 8200 --- [finshot-remittance] [           main] com.zaxxer.hikari.HikariDataSource       : HikariPool-11 - Starting...
2026-09-16T15:45:14.823+07:00  INFO 8200 --- [finshot-remittance] [           main] com.zaxxer.hikari.pool.HikariPool        : HikariPool-11 - Added connection conn93: url=jdbc:h2:mem:finshotdb user=SA
2026-09-16T15:45:14.823+07:00  INFO 8200 --- [finshot-remittance] [           main] com.zaxxer.hikari.HikariDataSource       : HikariPool-11 - Start completed.
2026-09-16T15:45:14.835+07:00  INFO 8200 --- [finshot-remittance] [           main] org.hibernate.orm.jpa                    : HHH008540: Processing PersistenceUnitInfo [name: default]
2026-09-16T15:45:14.848+07:00  INFO 8200 --- [finshot-remittance] [           main] o.s.o.j.p.SpringPersistenceUnitInfo      : No LoadTimeWeaver setup: ignoring JPA class transformer
2026-09-16T15:45:14.851+07:00  INFO 8200 --- [finshot-remittance] [           main] org.hibernate.orm.connections.pooling    : HHH10001005: Database info:
	Database JDBC URL [jdbc:h2:mem:finshotdb]
	Database driver: H2 JDBC Driver
	Database dialect: H2Dialect
	Database version: 2.4.240
	Default catalog/schema: FINSHOTDB/PUBLIC
	Autocommit mode: undefined/unknown
	Isolation level: READ_COMMITTED [default READ_COMMITTED]
	JDBC fetch size: 100
	Pool: DataSourceConnectionProvider
	Minimum pool size: undefined/unknown
	Maximum pool size: undefined/unknown
2026-09-16T15:45:14.869+07:00  INFO 8200 --- [finshot-remittance] [           main] org.hibernate.orm.core                   : HHH000489: No JTA platform available (set 'hibernate.transaction.jta.platform' to enable JTA platform integration)
2026-09-16T15:45:14.869+07:00  INFO 8200 --- [finshot-remittance] [           main] j.LocalContainerEntityManagerFactoryBean : Initialized JPA EntityManagerFactory for persistence unit 'default'
2026-09-16T15:45:14.897+07:00  WARN 8200 --- [finshot-remittance] [           main] JpaBaseConfiguration$JpaWebConfiguration : spring.jpa.open-in-view is enabled by default. Therefore, database queries may be performed during view rendering. Explicitly configure spring.jpa.open-in-view to disable this warning
2026-09-16T15:45:14.930+07:00  INFO 8200 --- [finshot-remittance] [           main] o.s.b.h.a.H2ConsoleAutoConfiguration     : H2 console available at '/h2-console'. Database available at 'jdbc:h2:mem:finshotdb'
2026-09-16T15:45:14.937+07:00  INFO 8200 --- [finshot-remittance] [           main] c.f.remittance.TransferScenariosTest     : Started TransferScenariosTest in 0.214 seconds (process running for 19.065)
2026-09-16T15:45:14.939+07:00  INFO 8200 --- [finshot-remittance] [           main] o.s.b.t.m.w.SpringBootMockServletContext : Initializing Spring TestDispatcherServlet ''
2026-09-16T15:45:14.939+07:00  INFO 8200 --- [finshot-remittance] [           main] o.s.t.web.servlet.TestDispatcherServlet  : Initializing Servlet ''
2026-09-16T15:45:14.939+07:00  INFO 8200 --- [finshot-remittance] [           main] o.s.t.web.servlet.TestDispatcherServlet  : Completed initialization in 0 ms
2026-09-16T15:45:14.951+07:00  INFO 8200 --- [finshot-remittance] [           main] j.LocalContainerEntityManagerFactoryBean : Closing JPA EntityManagerFactory for persistence unit 'default'
2026-09-16T15:45:14.951+07:00  INFO 8200 --- [finshot-remittance] [           main] com.zaxxer.hikari.HikariDataSource       : HikariPool-11 - Shutdown initiated...
2026-09-16T15:45:14.959+07:00  INFO 8200 --- [finshot-remittance] [           main] com.zaxxer.hikari.HikariDataSource       : HikariPool-11 - Shutdown completed.

  .   ____          _            __ _ _
 /\\ / ___'_ __ _ _(_)_ __  __ _ \ \ \ \
( ( )\___ | '_ | '_| | '_ \/ _` | \ \ \ \
 \\/  ___)| |_)| | | | | || (_| |  ) ) ) )
  '  |____| .__|_| |_|_| |_\__, | / / / /
 =========|_|==============|___/=/_/_/_/

 :: Spring Boot ::                (v4.0.8)

2026-09-16T15:45:14.971+07:00  INFO 8200 --- [finshot-remittance] [           main] c.f.remittance.TransferScenariosTest     : Starting TransferScenariosTest using Java 17.0.20.1 with PID 8200 (started by mss in C:\Users\mss\Desktop\finshot-remittance\finshot-remittance)
2026-09-16T15:45:14.971+07:00  INFO 8200 --- [finshot-remittance] [           main] c.f.remittance.TransferScenariosTest     : No active profile set, falling back to 1 default profile: "default"
2026-09-16T15:45:15.024+07:00  INFO 8200 --- [finshot-remittance] [           main] .s.d.r.c.RepositoryConfigurationDelegate : Bootstrapping Spring Data JPA repositories in DEFAULT mode.
2026-09-16T15:45:15.034+07:00  INFO 8200 --- [finshot-remittance] [           main] .s.d.r.c.RepositoryConfigurationDelegate : Finished Spring Data repository scanning in 6 ms. Found 3 JPA repository interfaces.
2026-09-16T15:45:15.052+07:00  INFO 8200 --- [finshot-remittance] [           main] com.zaxxer.hikari.HikariDataSource       : HikariPool-12 - Starting...
2026-09-16T15:45:15.052+07:00  INFO 8200 --- [finshot-remittance] [           main] com.zaxxer.hikari.pool.HikariPool        : HikariPool-12 - Added connection conn95: url=jdbc:h2:mem:finshotdb user=SA
2026-09-16T15:45:15.052+07:00  INFO 8200 --- [finshot-remittance] [           main] com.zaxxer.hikari.HikariDataSource       : HikariPool-12 - Start completed.
2026-09-16T15:45:15.066+07:00  INFO 8200 --- [finshot-remittance] [           main] org.hibernate.orm.jpa                    : HHH008540: Processing PersistenceUnitInfo [name: default]
2026-09-16T15:45:15.083+07:00  INFO 8200 --- [finshot-remittance] [           main] o.s.o.j.p.SpringPersistenceUnitInfo      : No LoadTimeWeaver setup: ignoring JPA class transformer
2026-09-16T15:45:15.084+07:00  INFO 8200 --- [finshot-remittance] [           main] org.hibernate.orm.connections.pooling    : HHH10001005: Database info:
	Database JDBC URL [jdbc:h2:mem:finshotdb]
	Database driver: H2 JDBC Driver
	Database dialect: H2Dialect
	Database version: 2.4.240
	Default catalog/schema: FINSHOTDB/PUBLIC
	Autocommit mode: undefined/unknown
	Isolation level: READ_COMMITTED [default READ_COMMITTED]
	JDBC fetch size: 100
	Pool: DataSourceConnectionProvider
	Minimum pool size: undefined/unknown
	Maximum pool size: undefined/unknown
2026-09-16T15:45:15.106+07:00  INFO 8200 --- [finshot-remittance] [           main] org.hibernate.orm.core                   : HHH000489: No JTA platform available (set 'hibernate.transaction.jta.platform' to enable JTA platform integration)
2026-09-16T15:45:15.106+07:00  INFO 8200 --- [finshot-remittance] [           main] j.LocalContainerEntityManagerFactoryBean : Initialized JPA EntityManagerFactory for persistence unit 'default'
2026-09-16T15:45:15.140+07:00  WARN 8200 --- [finshot-remittance] [           main] JpaBaseConfiguration$JpaWebConfiguration : spring.jpa.open-in-view is enabled by default. Therefore, database queries may be performed during view rendering. Explicitly configure spring.jpa.open-in-view to disable this warning
2026-09-16T15:45:15.169+07:00  INFO 8200 --- [finshot-remittance] [           main] o.s.b.h.a.H2ConsoleAutoConfiguration     : H2 console available at '/h2-console'. Database available at 'jdbc:h2:mem:finshotdb'
2026-09-16T15:45:15.178+07:00  INFO 8200 --- [finshot-remittance] [           main] c.f.remittance.TransferScenariosTest     : Started TransferScenariosTest in 0.219 seconds (process running for 19.307)
2026-09-16T15:45:15.180+07:00  INFO 8200 --- [finshot-remittance] [           main] o.s.b.t.m.w.SpringBootMockServletContext : Initializing Spring TestDispatcherServlet ''
2026-09-16T15:45:15.180+07:00  INFO 8200 --- [finshot-remittance] [           main] o.s.t.web.servlet.TestDispatcherServlet  : Initializing Servlet ''
2026-09-16T15:45:15.181+07:00  INFO 8200 --- [finshot-remittance] [           main] o.s.t.web.servlet.TestDispatcherServlet  : Completed initialization in 0 ms
2026-09-16T15:45:15.195+07:00  INFO 8200 --- [finshot-remittance] [           main] c.f.remittance.service.TransferService   : Transfer created: id=0c4dcc97-1d0b-4d88-aeab-5d698519fb2a, customerId=C001, amount=50000
2026-09-16T15:45:15.196+07:00  INFO 8200 --- [finshot-remittance] [           main] c.f.remittance.service.TransferService   : Transfer 0c4dcc97-1d0b-4d88-aeab-5d698519fb2a successfully cancelled.
2026-09-16T15:45:16.199+07:00  INFO 8200 --- [finshot-remittance] [         task-1] c.f.remittance.partner.PartnerService    : Transfer 0c4dcc97-1d0b-4d88-aeab-5d698519fb2a is already CANCELLED. Aborting partner sending.
2026-09-16T15:45:16.199+07:00  INFO 8200 --- [finshot-remittance] [           main] j.LocalContainerEntityManagerFactoryBean : Closing JPA EntityManagerFactory for persistence unit 'default'
2026-09-16T15:45:16.199+07:00  INFO 8200 --- [finshot-remittance] [           main] com.zaxxer.hikari.HikariDataSource       : HikariPool-12 - Shutdown initiated...
2026-09-16T15:45:16.199+07:00  INFO 8200 --- [finshot-remittance] [           main] com.zaxxer.hikari.HikariDataSource       : HikariPool-12 - Shutdown completed.

  .   ____          _            __ _ _
 /\\ / ___'_ __ _ _(_)_ __  __ _ \ \ \ \
( ( )\___ | '_ | '_| | '_ \/ _` | \ \ \ \
 \\/  ___)| |_)| | | | | || (_| |  ) ) ) )
  '  |____| .__|_| |_|_| |_\__, | / / / /
 =========|_|==============|___/=/_/_/_/

 :: Spring Boot ::                (v4.0.8)

2026-09-16T15:45:16.212+07:00  INFO 8200 --- [finshot-remittance] [           main] c.f.remittance.TransferScenariosTest     : Starting TransferScenariosTest using Java 17.0.20.1 with PID 8200 (started by mss in C:\Users\mss\Desktop\finshot-remittance\finshot-remittance)
2026-09-16T15:45:16.212+07:00  INFO 8200 --- [finshot-remittance] [           main] c.f.remittance.TransferScenariosTest     : No active profile set, falling back to 1 default profile: "default"
2026-09-16T15:45:16.268+07:00  INFO 8200 --- [finshot-remittance] [           main] .s.d.r.c.RepositoryConfigurationDelegate : Bootstrapping Spring Data JPA repositories in DEFAULT mode.
2026-09-16T15:45:16.274+07:00  INFO 8200 --- [finshot-remittance] [           main] .s.d.r.c.RepositoryConfigurationDelegate : Finished Spring Data repository scanning in 5 ms. Found 3 JPA repository interfaces.
2026-09-16T15:45:16.293+07:00  INFO 8200 --- [finshot-remittance] [           main] com.zaxxer.hikari.HikariDataSource       : HikariPool-13 - Starting...
2026-09-16T15:45:16.295+07:00  INFO 8200 --- [finshot-remittance] [           main] com.zaxxer.hikari.pool.HikariPool        : HikariPool-13 - Added connection conn105: url=jdbc:h2:mem:finshotdb user=SA
2026-09-16T15:45:16.295+07:00  INFO 8200 --- [finshot-remittance] [           main] com.zaxxer.hikari.HikariDataSource       : HikariPool-13 - Start completed.
2026-09-16T15:45:16.302+07:00  INFO 8200 --- [finshot-remittance] [           main] org.hibernate.orm.jpa                    : HHH008540: Processing PersistenceUnitInfo [name: default]
2026-09-16T15:45:16.316+07:00  INFO 8200 --- [finshot-remittance] [           main] o.s.o.j.p.SpringPersistenceUnitInfo      : No LoadTimeWeaver setup: ignoring JPA class transformer
2026-09-16T15:45:16.316+07:00  INFO 8200 --- [finshot-remittance] [           main] org.hibernate.orm.connections.pooling    : HHH10001005: Database info:
	Database JDBC URL [jdbc:h2:mem:finshotdb]
	Database driver: H2 JDBC Driver
	Database dialect: H2Dialect
	Database version: 2.4.240
	Default catalog/schema: FINSHOTDB/PUBLIC
	Autocommit mode: undefined/unknown
	Isolation level: READ_COMMITTED [default READ_COMMITTED]
	JDBC fetch size: 100
	Pool: DataSourceConnectionProvider
	Minimum pool size: undefined/unknown
	Maximum pool size: undefined/unknown
2026-09-16T15:45:16.337+07:00  INFO 8200 --- [finshot-remittance] [           main] org.hibernate.orm.core                   : HHH000489: No JTA platform available (set 'hibernate.transaction.jta.platform' to enable JTA platform integration)
2026-09-16T15:45:16.337+07:00  INFO 8200 --- [finshot-remittance] [           main] j.LocalContainerEntityManagerFactoryBean : Initialized JPA EntityManagerFactory for persistence unit 'default'
2026-09-16T15:45:16.370+07:00  WARN 8200 --- [finshot-remittance] [           main] JpaBaseConfiguration$JpaWebConfiguration : spring.jpa.open-in-view is enabled by default. Therefore, database queries may be performed during view rendering. Explicitly configure spring.jpa.open-in-view to disable this warning
2026-09-16T15:45:16.400+07:00  INFO 8200 --- [finshot-remittance] [           main] o.s.b.h.a.H2ConsoleAutoConfiguration     : H2 console available at '/h2-console'. Database available at 'jdbc:h2:mem:finshotdb'
2026-09-16T15:45:16.406+07:00  INFO 8200 --- [finshot-remittance] [           main] c.f.remittance.TransferScenariosTest     : Started TransferScenariosTest in 0.207 seconds (process running for 20.537)
2026-09-16T15:45:16.406+07:00  INFO 8200 --- [finshot-remittance] [           main] o.s.b.t.m.w.SpringBootMockServletContext : Initializing Spring TestDispatcherServlet ''
2026-09-16T15:45:16.406+07:00  INFO 8200 --- [finshot-remittance] [           main] o.s.t.web.servlet.TestDispatcherServlet  : Initializing Servlet ''
2026-09-16T15:45:16.406+07:00  INFO 8200 --- [finshot-remittance] [           main] o.s.t.web.servlet.TestDispatcherServlet  : Completed initialization in 0 ms
2026-09-16T15:45:16.421+07:00  INFO 8200 --- [finshot-remittance] [           main] c.f.remittance.service.TransferService   : Transfer created: id=65fcd779-175e-43e5-8a93-6aa0d8b59a90, customerId=C003, amount=100000
2026-09-16T15:45:16.426+07:00  INFO 8200 --- [finshot-remittance] [           main] c.f.remittance.service.TransferService   : Idempotent request replayed for key: ik-test-s3
2026-09-16T15:45:17.427+07:00  INFO 8200 --- [finshot-remittance] [         task-1] c.f.remittance.partner.PartnerService    : Transfer 65fcd779-175e-43e5-8a93-6aa0d8b59a90 transitioned to SENDING
2026-09-16T15:45:17.631+07:00  INFO 8200 --- [finshot-remittance] [         task-1] c.f.remittance.partner.PartnerClient     : PartnerClient dispatch: partnerRef=REF-17895483164189, success=true
2026-09-16T15:45:17.631+07:00  INFO 8200 --- [finshot-remittance] [         task-1] c.f.remittance.partner.PartnerService    : [Partner Attempt 1/3] partnerRef: REF-17895483164189 - SUCCESS (Accepted)
2026-09-16T15:45:17.631+07:00  INFO 8200 --- [finshot-remittance] [         task-1] c.f.remittance.partner.PartnerService    : Partner accepted transfer 65fcd779-175e-43e5-8a93-6aa0d8b59a90. Stays in SENDING awaiting callback.
2026-09-16T15:45:17.631+07:00  INFO 8200 --- [finshot-remittance] [           main] j.LocalContainerEntityManagerFactoryBean : Closing JPA EntityManagerFactory for persistence unit 'default'
2026-09-16T15:45:17.631+07:00  INFO 8200 --- [finshot-remittance] [           main] com.zaxxer.hikari.HikariDataSource       : HikariPool-13 - Shutdown initiated...
2026-09-16T15:45:17.631+07:00  INFO 8200 --- [finshot-remittance] [           main] com.zaxxer.hikari.HikariDataSource       : HikariPool-13 - Shutdown completed.

  .   ____          _            __ _ _
 /\\ / ___'_ __ _ _(_)_ __  __ _ \ \ \ \
( ( )\___ | '_ | '_| | '_ \/ _` | \ \ \ \
 \\/  ___)| |_)| | | | | || (_| |  ) ) ) )
  '  |____| .__|_| |_|_| |_\__, | / / / /
 =========|_|==============|___/=/_/_/_/

 :: Spring Boot ::                (v4.0.8)

2026-09-16T15:45:17.645+07:00  INFO 8200 --- [finshot-remittance] [           main] c.f.remittance.TransferScenariosTest     : Starting TransferScenariosTest using Java 17.0.20.1 with PID 8200 (started by mss in C:\Users\mss\Desktop\finshot-remittance\finshot-remittance)
2026-09-16T15:45:17.645+07:00  INFO 8200 --- [finshot-remittance] [           main] c.f.remittance.TransferScenariosTest     : No active profile set, falling back to 1 default profile: "default"
2026-09-16T15:45:17.706+07:00  INFO 8200 --- [finshot-remittance] [           main] .s.d.r.c.RepositoryConfigurationDelegate : Bootstrapping Spring Data JPA repositories in DEFAULT mode.
2026-09-16T15:45:17.713+07:00  INFO 8200 --- [finshot-remittance] [           main] .s.d.r.c.RepositoryConfigurationDelegate : Finished Spring Data repository scanning in 5 ms. Found 3 JPA repository interfaces.
2026-09-16T15:45:17.731+07:00  INFO 8200 --- [finshot-remittance] [           main] com.zaxxer.hikari.HikariDataSource       : HikariPool-14 - Starting...
2026-09-16T15:45:17.733+07:00  INFO 8200 --- [finshot-remittance] [           main] com.zaxxer.hikari.pool.HikariPool        : HikariPool-14 - Added connection conn115: url=jdbc:h2:mem:finshotdb user=SA
2026-09-16T15:45:17.733+07:00  INFO 8200 --- [finshot-remittance] [           main] com.zaxxer.hikari.HikariDataSource       : HikariPool-14 - Start completed.
2026-09-16T15:45:17.741+07:00  INFO 8200 --- [finshot-remittance] [           main] org.hibernate.orm.jpa                    : HHH008540: Processing PersistenceUnitInfo [name: default]
2026-09-16T15:45:17.756+07:00  INFO 8200 --- [finshot-remittance] [           main] o.s.o.j.p.SpringPersistenceUnitInfo      : No LoadTimeWeaver setup: ignoring JPA class transformer
2026-09-16T15:45:17.756+07:00  INFO 8200 --- [finshot-remittance] [           main] org.hibernate.orm.connections.pooling    : HHH10001005: Database info:
	Database JDBC URL [jdbc:h2:mem:finshotdb]
	Database driver: H2 JDBC Driver
	Database dialect: H2Dialect
	Database version: 2.4.240
	Default catalog/schema: FINSHOTDB/PUBLIC
	Autocommit mode: undefined/unknown
	Isolation level: READ_COMMITTED [default READ_COMMITTED]
	JDBC fetch size: 100
	Pool: DataSourceConnectionProvider
	Minimum pool size: undefined/unknown
	Maximum pool size: undefined/unknown
2026-09-16T15:45:17.778+07:00  INFO 8200 --- [finshot-remittance] [           main] org.hibernate.orm.core                   : HHH000489: No JTA platform available (set 'hibernate.transaction.jta.platform' to enable JTA platform integration)
2026-09-16T15:45:17.779+07:00  INFO 8200 --- [finshot-remittance] [           main] j.LocalContainerEntityManagerFactoryBean : Initialized JPA EntityManagerFactory for persistence unit 'default'
2026-09-16T15:45:17.799+07:00  WARN 8200 --- [finshot-remittance] [           main] JpaBaseConfiguration$JpaWebConfiguration : spring.jpa.open-in-view is enabled by default. Therefore, database queries may be performed during view rendering. Explicitly configure spring.jpa.open-in-view to disable this warning
2026-09-16T15:45:17.833+07:00  INFO 8200 --- [finshot-remittance] [           main] o.s.b.h.a.H2ConsoleAutoConfiguration     : H2 console available at '/h2-console'. Database available at 'jdbc:h2:mem:finshotdb'
2026-09-16T15:45:17.840+07:00  INFO 8200 --- [finshot-remittance] [           main] c.f.remittance.TransferScenariosTest     : Started TransferScenariosTest in 0.209 seconds (process running for 21.972)
2026-09-16T15:45:17.840+07:00  INFO 8200 --- [finshot-remittance] [           main] o.s.b.t.m.w.SpringBootMockServletContext : Initializing Spring TestDispatcherServlet ''
2026-09-16T15:45:17.840+07:00  INFO 8200 --- [finshot-remittance] [           main] o.s.t.web.servlet.TestDispatcherServlet  : Initializing Servlet ''
2026-09-16T15:45:17.840+07:00  INFO 8200 --- [finshot-remittance] [           main] o.s.t.web.servlet.TestDispatcherServlet  : Completed initialization in 0 ms
2026-09-16T15:45:17.852+07:00  INFO 8200 --- [finshot-remittance] [           main] c.f.remittance.service.TransferService   : Transfer created: id=011c47cf-eedd-4238-8123-5dd0aca8462d, customerId=C001, amount=500000
2026-09-16T15:45:18.859+07:00  INFO 8200 --- [finshot-remittance] [         task-1] c.f.remittance.partner.PartnerService    : Transfer 011c47cf-eedd-4238-8123-5dd0aca8462d transitioned to SENDING
2026-09-16T15:45:19.062+07:00  INFO 8200 --- [finshot-remittance] [         task-1] c.f.remittance.partner.PartnerClient     : PartnerClient dispatch: partnerRef=REF-17895483178529, success=true
2026-09-16T15:45:19.062+07:00  INFO 8200 --- [finshot-remittance] [         task-1] c.f.remittance.partner.PartnerService    : [Partner Attempt 1/3] partnerRef: REF-17895483178529 - SUCCESS (Accepted)
2026-09-16T15:45:19.062+07:00  INFO 8200 --- [finshot-remittance] [         task-1] c.f.remittance.partner.PartnerService    : Partner accepted transfer 011c47cf-eedd-4238-8123-5dd0aca8462d. Stays in SENDING awaiting callback.
2026-09-16T15:45:19.062+07:00  INFO 8200 --- [finshot-remittance] [           main] j.LocalContainerEntityManagerFactoryBean : Closing JPA EntityManagerFactory for persistence unit 'default'
2026-09-16T15:45:19.062+07:00  INFO 8200 --- [finshot-remittance] [           main] com.zaxxer.hikari.HikariDataSource       : HikariPool-14 - Shutdown initiated...
2026-09-16T15:45:19.062+07:00  INFO 8200 --- [finshot-remittance] [           main] com.zaxxer.hikari.HikariDataSource       : HikariPool-14 - Shutdown completed.

  .   ____          _            __ _ _
 /\\ / ___'_ __ _ _(_)_ __  __ _ \ \ \ \
( ( )\___ | '_ | '_| | '_ \/ _` | \ \ \ \
 \\/  ___)| |_)| | | | | || (_| |  ) ) ) )
  '  |____| .__|_| |_|_| |_\__, | / / / /
 =========|_|==============|___/=/_/_/_/

 :: Spring Boot ::                (v4.0.8)

2026-09-16T15:45:19.068+07:00  INFO 8200 --- [finshot-remittance] [           main] c.f.remittance.TransferScenariosTest     : Starting TransferScenariosTest using Java 17.0.20.1 with PID 8200 (started by mss in C:\Users\mss\Desktop\finshot-remittance\finshot-remittance)
2026-09-16T15:45:19.073+07:00  INFO 8200 --- [finshot-remittance] [           main] c.f.remittance.TransferScenariosTest     : No active profile set, falling back to 1 default profile: "default"
2026-09-16T15:45:19.130+07:00  INFO 8200 --- [finshot-remittance] [           main] .s.d.r.c.RepositoryConfigurationDelegate : Bootstrapping Spring Data JPA repositories in DEFAULT mode.
2026-09-16T15:45:19.137+07:00  INFO 8200 --- [finshot-remittance] [           main] .s.d.r.c.RepositoryConfigurationDelegate : Finished Spring Data repository scanning in 6 ms. Found 3 JPA repository interfaces.
2026-09-16T15:45:19.151+07:00  INFO 8200 --- [finshot-remittance] [           main] com.zaxxer.hikari.HikariDataSource       : HikariPool-15 - Starting...
2026-09-16T15:45:19.155+07:00  INFO 8200 --- [finshot-remittance] [           main] com.zaxxer.hikari.pool.HikariPool        : HikariPool-15 - Added connection conn125: url=jdbc:h2:mem:finshotdb user=SA
2026-09-16T15:45:19.155+07:00  INFO 8200 --- [finshot-remittance] [           main] com.zaxxer.hikari.HikariDataSource       : HikariPool-15 - Start completed.
2026-09-16T15:45:19.165+07:00  INFO 8200 --- [finshot-remittance] [           main] org.hibernate.orm.jpa                    : HHH008540: Processing PersistenceUnitInfo [name: default]
2026-09-16T15:45:19.182+07:00  INFO 8200 --- [finshot-remittance] [           main] o.s.o.j.p.SpringPersistenceUnitInfo      : No LoadTimeWeaver setup: ignoring JPA class transformer
2026-09-16T15:45:19.182+07:00  INFO 8200 --- [finshot-remittance] [           main] org.hibernate.orm.connections.pooling    : HHH10001005: Database info:
	Database JDBC URL [jdbc:h2:mem:finshotdb]
	Database driver: H2 JDBC Driver
	Database dialect: H2Dialect
	Database version: 2.4.240
	Default catalog/schema: FINSHOTDB/PUBLIC
	Autocommit mode: undefined/unknown
	Isolation level: READ_COMMITTED [default READ_COMMITTED]
	JDBC fetch size: 100
	Pool: DataSourceConnectionProvider
	Minimum pool size: undefined/unknown
	Maximum pool size: undefined/unknown
2026-09-16T15:45:19.205+07:00  INFO 8200 --- [finshot-remittance] [           main] org.hibernate.orm.core                   : HHH000489: No JTA platform available (set 'hibernate.transaction.jta.platform' to enable JTA platform integration)
2026-09-16T15:45:19.206+07:00  INFO 8200 --- [finshot-remittance] [           main] j.LocalContainerEntityManagerFactoryBean : Initialized JPA EntityManagerFactory for persistence unit 'default'
2026-09-16T15:45:19.235+07:00  WARN 8200 --- [finshot-remittance] [           main] JpaBaseConfiguration$JpaWebConfiguration : spring.jpa.open-in-view is enabled by default. Therefore, database queries may be performed during view rendering. Explicitly configure spring.jpa.open-in-view to disable this warning
2026-09-16T15:45:19.270+07:00  INFO 8200 --- [finshot-remittance] [           main] o.s.b.h.a.H2ConsoleAutoConfiguration     : H2 console available at '/h2-console'. Database available at 'jdbc:h2:mem:finshotdb'
2026-09-16T15:45:19.277+07:00  INFO 8200 --- [finshot-remittance] [           main] c.f.remittance.TransferScenariosTest     : Started TransferScenariosTest in 0.213 seconds (process running for 23.406)
2026-09-16T15:45:19.277+07:00  INFO 8200 --- [finshot-remittance] [           main] o.s.b.t.m.w.SpringBootMockServletContext : Initializing Spring TestDispatcherServlet ''
2026-09-16T15:45:19.277+07:00  INFO 8200 --- [finshot-remittance] [           main] o.s.t.web.servlet.TestDispatcherServlet  : Initializing Servlet ''
2026-09-16T15:45:19.280+07:00  INFO 8200 --- [finshot-remittance] [           main] o.s.t.web.servlet.TestDispatcherServlet  : Completed initialization in 3 ms
2026-09-16T15:45:19.291+07:00  INFO 8200 --- [finshot-remittance] [           main] c.f.remittance.service.TransferService   : Transfer created: id=20610a5e-5f94-4358-bf5d-40c8bec16ae5, customerId=C002, amount=2000000
2026-09-16T15:45:19.298+07:00  INFO 8200 --- [finshot-remittance] [           main] c.f.remittance.service.TransferService   : Transfer created: id=256d0308-c1d6-49bd-8264-9fa3e8f2ce84, customerId=C002, amount=1000000
[INFO] Tests run: 8, Failures: 0, Errors: 0, Skipped: 0, Time elapsed: 9.743 s -- in com.finshot.remittance.TransferScenariosTest
[INFO] 
[INFO] Results:
[INFO] 
[INFO] Tests run: 15, Failures: 0, Errors: 0, Skipped: 0
[INFO] 
[INFO] ------------------------------------------------------------------------
[INFO] BUILD SUCCESS
[INFO] ------------------------------------------------------------------------
[INFO] Total time:  28.074 s
[INFO] Finished at: 2026-09-16T15:45:20+07:00
[INFO] ------------------------------------------------------------------------
